MPLINK 5.00, LINKER
Linker Map File - Created Tue Dec 21 11:03:41 2021

                                 Section Info
                  Section       Type    Address   Location Size(Bytes)
                ---------  ---------  ---------  ---------  ---------
               _entry_scn       code   0x000000    program   0x000006
           .code___init.o       code   0x000006    program   0x000002
      InterruptVectorHigh       code   0x000008    program   0x000006
     .idata_interrupt.o_i    romdata   0x00000e    program   0x000004
       InterruptVectorLow       code   0x000018    program   0x000006
                   .cinit    romdata   0x00001e    program   0x00003e
             .code_main.o       code   0x00005c    program   0x000fd0
              .code_lcd.o       code   0x00102c    program   0x000e20
            .code_timer.o       code   0x001e4c    program   0x00051c
           .code_button.o       code   0x002368    program   0x000314
        .code_interrupt.o       code   0x00267c    program   0x0001c4
             .stringtable    romdata   0x002840    program   0x0000f1
      .idata_fxd1616u.o_i    romdata   0x002931    program   0x000000
           .romdata_lcd.o    romdata   0x002931    program   0x000000
      .romdata_fxd1616u.o    romdata   0x002931    program   0x000000
     .romdata_interrupt.o    romdata   0x002931    program   0x000000
         .romdata_timer.o    romdata   0x002931    program   0x000000
      .idata_fxd2424u.o_i    romdata   0x002931    program   0x000000
      .romdata_fxd2424u.o    romdata   0x002931    program   0x000000
      .idata_fxd3232u.o_i    romdata   0x002931    program   0x000000
         .idata_c018i.o_i    romdata   0x002931    program   0x000000
        .romdata_button.o    romdata   0x002931    program   0x000000
          .romdata_main.o    romdata   0x002931    program   0x000000
         .romdata_c018i.o    romdata   0x002931    program   0x000000
        .romdata___init.o    romdata   0x002931    program   0x000000
        .idata___init.o_i    romdata   0x002931    program   0x000000
       .romdata_fxm3232.o    romdata   0x002931    program   0x000000
       .idata_fxm3232.o_i    romdata   0x002931    program   0x000000
      .romdata_fxd3232u.o    romdata   0x002931    program   0x000000
            .code_c018i.o       code   0x002932    program   0x000000
                     PROG       code   0x002932    program   0x0000a6
               _cinit_scn       code   0x0029d8    program   0x00009e
                   STRING       code   0x002a76    program   0x000098
          .code_fxm3232.o       code   0x002b0e    program   0x000070
         .code_fxd3232u.o       code   0x002b7e    program   0x000048
         .code_fxd2424u.o       code   0x002bc6    program   0x00003a
         .code_fxd1616u.o       code   0x002c00    program   0x00002c
                    .code       code   0x002c2c    program   0x000020
             _startup_scn       code   0x002c4c    program   0x00001c
         .idata_timer.o_i    romdata   0x002c68    program   0x000020
          .idata_main.o_i    romdata   0x002c88    program   0x0000af
           .idata_lcd.o_i    romdata   0x002d37    program   0x000061
        .idata_button.o_i    romdata   0x002d98    program   0x000028
    .config_300001_main.o    romdata   0x300001    program   0x000001
    .config_300002_main.o    romdata   0x300002    program   0x000001
    .config_300003_main.o    romdata   0x300003    program   0x000001
    .config_300005_main.o    romdata   0x300005    program   0x000001
    .config_300006_main.o    romdata   0x300006    program   0x000001
    .config_300008_main.o    romdata   0x300008    program   0x000001
    .config_300009_main.o    romdata   0x300009    program   0x000001
    .config_30000a_main.o    romdata   0x30000a    program   0x000001
    .config_30000b_main.o    romdata   0x30000b    program   0x000001
    .config_30000c_main.o    romdata   0x30000c    program   0x000001
    .config_30000d_main.o    romdata   0x30000d    program   0x000001
                MATH_DATA      udata   0x000000       data   0x000010
                 .tmpdata      udata   0x000010       data   0x00000a
             .idata_lcd.o      idata   0x000080       data   0x000061
           .udata_c018i.o      udata   0x0000e1       data   0x00000a
             .udata_lcd.o      udata   0x0000eb       data   0x000004
       .idata_interrupt.o      idata   0x0000ef       data   0x000004
            .idata_main.o      idata   0x000100       data   0x0000af
          .idata_button.o      idata   0x0001af       data   0x000028
           .idata_timer.o      idata   0x0001d7       data   0x000020
            .udata_main.o      udata   0x0001f7       data   0x000007
          .idata___init.o      idata   0x0001fe       data   0x000000
          .udata___init.o      udata   0x0001fe       data   0x000000
         .idata_fxm3232.o      idata   0x0001fe       data   0x000000
         .udata_fxm3232.o      udata   0x0001fe       data   0x000000
        .idata_fxd3232u.o      idata   0x0001fe       data   0x000000
        .udata_fxd3232u.o      udata   0x0001fe       data   0x000000
        .idata_fxd2424u.o      idata   0x0001fe       data   0x000000
        .udata_fxd2424u.o      udata   0x0001fe       data   0x000000
        .idata_fxd1616u.o      idata   0x0001fe       data   0x000000
        .udata_fxd1616u.o      udata   0x0001fe       data   0x000000
       .udata_interrupt.o      udata   0x0001fe       data   0x000000
           .udata_timer.o      udata   0x0001fe       data   0x000000
          .udata_button.o      udata   0x0001fe       data   0x000000
           .idata_c018i.o      idata   0x0001fe       data   0x000000
                   .stack      udata   0x000e00       data   0x000100
            SFR_UNBANKED0      udata   0x000f80       data   0x000080



                              Program Memory Usage 
                               Start         End      
                           ---------   ---------      
                            0x000000    0x000011      
                            0x000018    0x002930      
                            0x002932    0x002dbf      
                            0x300001    0x300003      
                            0x300005    0x300006      
                            0x300008    0x30000d      
            11716 out of 66584 program addresses used, program memory utilization is 17%



                              Symbols - Sorted by Name
                     Name    Address   Location    Storage File                     
                ---------  ---------  ---------  --------- ---------                
         App_PasswordDoor   0x0003b4    program     extern D:\Studying\HK211\CO3091_DoAnTKLL\DoAnTKLL211\main.c
            CheckPassword   0x000e1e    program     extern D:\Studying\HK211\CO3091_DoAnTKLL\DoAnTKLL211\main.c
                 CheckSTT   0x00031e    program     extern D:\Studying\HK211\CO3091_DoAnTKLL\DoAnTKLL211\main.c
              CloseOutput   0x0001d6    program     extern D:\Studying\HK211\CO3091_DoAnTKLL\DoAnTKLL211\main.c
                   D1616S   0x002954    program     static E:\3.46\pic18-lt\cxx-framework\src\traditional\math\fxd1616s.asm
                D1616SNEG   0x002962    program     static E:\3.46\pic18-lt\cxx-framework\src\traditional\math\fxd1616s.asm
                 D1616SOK   0x00295e    program     static E:\3.46\pic18-lt\cxx-framework\src\traditional\math\fxd1616s.asm
                  D1616SX   0x002974    program     static E:\3.46\pic18-lt\cxx-framework\src\traditional\math\fxd1616s.asm
                   D2424S   0x0029a8    program     static E:\3.46\pic18-lt\cxx-framework\src\traditional\math\fxd2424s.asm
                D2424SNEG   0x0029b6    program     static E:\3.46\pic18-lt\cxx-framework\src\traditional\math\fxd2424s.asm
                 D2424SOK   0x0029b2    program     static E:\3.46\pic18-lt\cxx-framework\src\traditional\math\fxd2424s.asm
                  D2424SX   0x0029ce    program     static E:\3.46\pic18-lt\cxx-framework\src\traditional\math\fxd2424s.asm
                  DA1616S   0x002944    program     static E:\3.46\pic18-lt\cxx-framework\src\traditional\math\fxd1616s.asm
                  DA2424S   0x002994    program     static E:\3.46\pic18-lt\cxx-framework\src\traditional\math\fxd2424s.asm
         DisplayLcdScreen   0x00196a    program     extern D:\Studying\HK211\CO3091_DoAnTKLL\DoAnTKLL211\lcd\lcd.c
        DisplayLcdScreen2   0x001a62    program     extern D:\Studying\HK211\CO3091_DoAnTKLL\DoAnTKLL211\lcd\lcd.c
      DisplayLcdScreenOld   0x001ae8    program     extern D:\Studying\HK211\CO3091_DoAnTKLL\DoAnTKLL211\lcd\lcd.c
                 FXD1616S   0x002932    program     extern E:\3.46\pic18-lt\cxx-framework\src\traditional\math\fxd1616s.asm
                 FXD1616U   0x002c00    program     extern E:\3.46\pic18-lt\cxx-framework\src\traditional\math\fxd1616u.c
                 FXD2424S   0x00297e    program     extern E:\3.46\pic18-lt\cxx-framework\src\traditional\math\fxd2424s.asm
                 FXD2424U   0x002bc6    program     extern E:\3.46\pic18-lt\cxx-framework\src\traditional\math\fxd2424u.c
                 FXD3232U   0x002b7e    program     extern E:\3.46\pic18-lt\cxx-framework\src\traditional\math\fxd3232u.c
                  FXM3232   0x002b0e    program     extern E:\3.46\pic18-lt\cxx-framework\src\traditional\math\fxm3232.c
      InterruptVectorHigh   0x000008    program     extern D:\Studying\HK211\CO3091_DoAnTKLL\DoAnTKLL211\interrupt\interrupt.c
       InterruptVectorLow   0x000018    program     extern D:\Studying\HK211\CO3091_DoAnTKLL\DoAnTKLL211\interrupt\interrupt.c
                LcdClearS   0x00190c    program     extern D:\Studying\HK211\CO3091_DoAnTKLL\DoAnTKLL211\lcd\lcd.c
            LcdPrintCharS   0x001b52    program     extern D:\Studying\HK211\CO3091_DoAnTKLL\DoAnTKLL211\lcd\lcd.c
              LcdPrintNum   0x00184a    program     extern D:\Studying\HK211\CO3091_DoAnTKLL\DoAnTKLL211\lcd\lcd.c
             LcdPrintNumS   0x001ba8    program     extern D:\Studying\HK211\CO3091_DoAnTKLL\DoAnTKLL211\lcd\lcd.c
           LcdPrintString   0x001892    program     extern D:\Studying\HK211\CO3091_DoAnTKLL\DoAnTKLL211\lcd\lcd.c
          LcdPrintStringS   0x001df6    program     extern D:\Studying\HK211\CO3091_DoAnTKLL\DoAnTKLL211\lcd\lcd.c
                 LockDoor   0x000f50    program     extern D:\Studying\HK211\CO3091_DoAnTKLL\DoAnTKLL211\main.c
               OpenOutput   0x000186    program     extern D:\Studying\HK211\CO3091_DoAnTKLL\DoAnTKLL211\main.c
            ReverseOutput   0x000226    program     extern D:\Studying\HK211\CO3091_DoAnTKLL\DoAnTKLL211\main.c
             SetTimer0_ms   0x0022c8    program     extern D:\Studying\HK211\CO3091_DoAnTKLL\DoAnTKLL211\timer\timer.c
             SetTimer1_ms   0x0022ec    program     extern D:\Studying\HK211\CO3091_DoAnTKLL\DoAnTKLL211\timer\timer.c
             SetTimer3_ms   0x00232a    program     extern D:\Studying\HK211\CO3091_DoAnTKLL\DoAnTKLL211\timer\timer.c
               TestOutput   0x0002a2    program     extern D:\Studying\HK211\CO3091_DoAnTKLL\DoAnTKLL211\main.c
           Test_KeyMatrix   0x000f60    program     extern D:\Studying\HK211\CO3091_DoAnTKLL\DoAnTKLL211\main.c
               UnlockDoor   0x000f40    program     extern D:\Studying\HK211\CO3091_DoAnTKLL\DoAnTKLL211\main.c
              _4jContinue   0x002ab4    program     static E:\3.46\pic18-lt\cxx-framework\src\traditional\stdclib\memmove.asm
                   _5jEnd   0x002abe    program     static E:\3.46\pic18-lt\cxx-framework\src\traditional\stdclib\memmove.asm
              _6jContinue   0x002aec    program     static E:\3.46\pic18-lt\cxx-framework\src\traditional\stdclib\memmove.asm
                   _7jEnd   0x002af6    program     static E:\3.46\pic18-lt\cxx-framework\src\traditional\stdclib\memmove.asm
       ___return_lbl00000   0x002c2a    program     static                          
       ___return_lbl00000   0x002bfe    program     static                          
       ___return_lbl00000   0x002bc4    program     static                          
       ___return_lbl00000   0x002b7c    program     static                          
       ___return_lbl00000   0x000004    program     static                          
       ___return_lbl00001   0x002c66    program     static                          
       ___return_lbl00002   0x00001c    program     static                          
       ___return_lbl00002   0x002a74    program     static                          
       ___return_lbl00003   0x00000c    program     static                          
               __config_0   0x300001    program     static D:\Studying\HK211\CO3091_DoAnTKLL\DoAnTKLL211\main.c
               __config_1   0x300002    program     static D:\Studying\HK211\CO3091_DoAnTKLL\DoAnTKLL211\main.c
              __config_10   0x30000d    program     static D:\Studying\HK211\CO3091_DoAnTKLL\DoAnTKLL211\main.c
               __config_2   0x300003    program     static D:\Studying\HK211\CO3091_DoAnTKLL\DoAnTKLL211\main.c
               __config_3   0x300005    program     static D:\Studying\HK211\CO3091_DoAnTKLL\DoAnTKLL211\main.c
               __config_4   0x300006    program     static D:\Studying\HK211\CO3091_DoAnTKLL\DoAnTKLL211\main.c
               __config_5   0x300008    program     static D:\Studying\HK211\CO3091_DoAnTKLL\DoAnTKLL211\main.c
               __config_6   0x300009    program     static D:\Studying\HK211\CO3091_DoAnTKLL\DoAnTKLL211\main.c
               __config_7   0x30000a    program     static D:\Studying\HK211\CO3091_DoAnTKLL\DoAnTKLL211\main.c
               __config_8   0x30000b    program     static D:\Studying\HK211\CO3091_DoAnTKLL\DoAnTKLL211\main.c
               __config_9   0x30000c    program     static D:\Studying\HK211\CO3091_DoAnTKLL\DoAnTKLL211\main.c
                   __init   0x000006    program     extern E:\3.46\pic18-lt\cxx-framework\src\traditional\stdclib\__init.c
               __string_0   0x002926    program     static D:\Studying\HK211\CO3091_DoAnTKLL\DoAnTKLL211\main.c
               __string_1   0x00291d    program     static D:\Studying\HK211\CO3091_DoAnTKLL\DoAnTKLL211\main.c
              __string_10   0x0028d1    program     static D:\Studying\HK211\CO3091_DoAnTKLL\DoAnTKLL211\main.c
              __string_11   0x0028c5    program     static D:\Studying\HK211\CO3091_DoAnTKLL\DoAnTKLL211\main.c
              __string_12   0x0028b8    program     static D:\Studying\HK211\CO3091_DoAnTKLL\DoAnTKLL211\main.c
              __string_13   0x0028ae    program     static D:\Studying\HK211\CO3091_DoAnTKLL\DoAnTKLL211\main.c
              __string_14   0x0028a1    program     static D:\Studying\HK211\CO3091_DoAnTKLL\DoAnTKLL211\main.c
              __string_15   0x002894    program     static D:\Studying\HK211\CO3091_DoAnTKLL\DoAnTKLL211\main.c
              __string_16   0x002885    program     static D:\Studying\HK211\CO3091_DoAnTKLL\DoAnTKLL211\main.c
              __string_17   0x002877    program     static D:\Studying\HK211\CO3091_DoAnTKLL\DoAnTKLL211\main.c
              __string_18   0x00286d    program     static D:\Studying\HK211\CO3091_DoAnTKLL\DoAnTKLL211\main.c
              __string_19   0x002862    program     static D:\Studying\HK211\CO3091_DoAnTKLL\DoAnTKLL211\main.c
               __string_2   0x002912    program     static D:\Studying\HK211\CO3091_DoAnTKLL\DoAnTKLL211\main.c
              __string_20   0x002851    program     static D:\Studying\HK211\CO3091_DoAnTKLL\DoAnTKLL211\main.c
              __string_21   0x002840    program     static D:\Studying\HK211\CO3091_DoAnTKLL\DoAnTKLL211\main.c
               __string_3   0x002908    program     static D:\Studying\HK211\CO3091_DoAnTKLL\DoAnTKLL211\main.c
               __string_4   0x002906    program     static D:\Studying\HK211\CO3091_DoAnTKLL\DoAnTKLL211\main.c
               __string_5   0x002904    program     static D:\Studying\HK211\CO3091_DoAnTKLL\DoAnTKLL211\main.c
               __string_6   0x002902    program     static D:\Studying\HK211\CO3091_DoAnTKLL\DoAnTKLL211\main.c
               __string_7   0x0028f6    program     static D:\Studying\HK211\CO3091_DoAnTKLL\DoAnTKLL211\main.c
               __string_8   0x0028ea    program     static D:\Studying\HK211\CO3091_DoAnTKLL\DoAnTKLL211\main.c
               __string_9   0x0028db    program     static D:\Studying\HK211\CO3091_DoAnTKLL\DoAnTKLL211\main.c
              __tmplbl_13   0x000de6    program     static                          
              __tmplbl_14   0x000dbe    program     static                          
              __tmplbl_15   0x000e0a    program     static                          
              __tmplbl_16   0x000c42    program     static                          
              __tmplbl_29   0x000e0a    program     static                          
              __tmplbl_30   0x000e0a    program     static                          
              __tmplbl_31   0x000e0a    program     static                          
              __tmplbl_32   0x000e0a    program     static                          
            __zero_memory   0x002c2c    program     extern E:\3.46\pic18-lt\cxx-framework\src\traditional\proc\p18f4620.asm
                _do_cinit   0x0029d8    program     extern E:\3.46\pic18-lt\cxx-framework\src\traditional\startup\c018i.c
                   _entry   0x000000    program     extern E:\3.46\pic18-lt\cxx-framework\src\traditional\startup\c018i.c
                   _false   0x002bfa    program     static                          
                   _false   0x002bc0    program     static                          
                 _startup   0x002c4c    program     extern E:\3.46\pic18-lt\cxx-framework\src\traditional\startup\c018i.c
          button_delay_ms   0x0024ce    program     extern D:\Studying\HK211\CO3091_DoAnTKLL\DoAnTKLL211\button_matrix\button.c
                compare_l   0x002c42    program     static E:\3.46\pic18-lt\cxx-framework\src\traditional\proc\p18f4620.asm
                copy_loop   0x002a4a    program     static                          
            copy_one_byte   0x002a50    program     static                          
                 delay_ms   0x000082    program     extern D:\Studying\HK211\CO3091_DoAnTKLL\DoAnTKLL211\main.c
                     done   0x002a74    program     static                          
             done_copying   0x002a5e    program     static                          
                  endloop   0x002c26    program     static                          
                 high_isr   0x002770    program     extern D:\Studying\HK211\CO3091_DoAnTKLL\DoAnTKLL211\interrupt\interrupt.c
            init_ext_int0   0x002684    program     extern D:\Studying\HK211\CO3091_DoAnTKLL\DoAnTKLL211\interrupt\interrupt.c
           init_interrupt   0x00267c    program     extern D:\Studying\HK211\CO3091_DoAnTKLL\DoAnTKLL211\interrupt\interrupt.c
          init_key_matrix   0x002368    program     extern D:\Studying\HK211\CO3091_DoAnTKLL\DoAnTKLL211\button_matrix\button.c
                 init_lcd   0x0011cc    program     extern D:\Studying\HK211\CO3091_DoAnTKLL\DoAnTKLL211\lcd\lcd.c
              init_system   0x00010a    program     extern D:\Studying\HK211\CO3091_DoAnTKLL\DoAnTKLL211\main.c
              init_timer0   0x001e4c    program     extern D:\Studying\HK211\CO3091_DoAnTKLL\DoAnTKLL211\timer\timer.c
              init_timer1   0x001f90    program     extern D:\Studying\HK211\CO3091_DoAnTKLL\DoAnTKLL211\timer\timer.c
              init_timer2   0x0020da    program     extern D:\Studying\HK211\CO3091_DoAnTKLL\DoAnTKLL211\timer\timer.c
              init_timer3   0x002112    program     extern D:\Studying\HK211\CO3091_DoAnTKLL\DoAnTKLL211\timer\timer.c
             isButtonBack   0x000f12    program     extern D:\Studying\HK211\CO3091_DoAnTKLL\DoAnTKLL211\main.c
            isButtonEnter   0x000f22    program     extern D:\Studying\HK211\CO3091_DoAnTKLL\DoAnTKLL211\main.c
           isButtonNumber   0x000ea0    program     extern D:\Studying\HK211\CO3091_DoAnTKLL\DoAnTKLL211\main.c
         isButtonPressOne   0x000ef2    program     extern D:\Studying\HK211\CO3091_DoAnTKLL\DoAnTKLL211\main.c
         isButtonPressTwo   0x000f02    program     extern D:\Studying\HK211\CO3091_DoAnTKLL\DoAnTKLL211\main.c
                     jEnd   0x002afc    program     static E:\3.46\pic18-lt\cxx-framework\src\traditional\stdclib\memmove.asm
                    jLoop   0x002aa8    program     static E:\3.46\pic18-lt\cxx-framework\src\traditional\stdclib\memmove.asm
              jRevCpyLoop   0x002ae0    program     static E:\3.46\pic18-lt\cxx-framework\src\traditional\stdclib\memmove.asm
                 jReverse   0x002ac4    program     static E:\3.46\pic18-lt\cxx-framework\src\traditional\stdclib\memmove.asm
                lcd_clear   0x00151e    program     extern D:\Studying\HK211\CO3091_DoAnTKLL\DoAnTKLL211\lcd\lcd.c
                lcd_delay   0x00102c    program     extern D:\Studying\HK211\CO3091_DoAnTKLL\DoAnTKLL211\lcd\lcd.c
             lcd_power_of   0x001532    program     extern D:\Studying\HK211\CO3091_DoAnTKLL\DoAnTKLL211\lcd\lcd.c
           lcd_print_char   0x00148a    program     extern D:\Studying\HK211\CO3091_DoAnTKLL\DoAnTKLL211\lcd\lcd.c
          lcd_print_charS   0x0018c6    program     extern D:\Studying\HK211\CO3091_DoAnTKLL\DoAnTKLL211\lcd\lcd.c
            lcd_print_num   0x001614    program     extern D:\Studying\HK211\CO3091_DoAnTKLL\DoAnTKLL211\lcd\lcd.c
            lcd_print_str   0x0014a4    program     extern D:\Studying\HK211\CO3091_DoAnTKLL\DoAnTKLL211\lcd\lcd.c
              lcd_putchar   0x001470    program     extern D:\Studying\HK211\CO3091_DoAnTKLL\DoAnTKLL211\lcd\lcd.c
          lcd_read_status   0x0012da    program     extern D:\Studying\HK211\CO3091_DoAnTKLL\DoAnTKLL211\lcd\lcd.c
          lcd_sendCommand   0x00114c    program     extern D:\Studying\HK211\CO3091_DoAnTKLL\DoAnTKLL211\lcd\lcd.c
           lcd_set_cursor   0x0014e4    program     extern D:\Studying\HK211\CO3091_DoAnTKLL\DoAnTKLL211\lcd\lcd.c
            lcd_wait_busy   0x001390    program     extern D:\Studying\HK211\CO3091_DoAnTKLL\DoAnTKLL211\lcd\lcd.c
          lcd_write_4bits   0x0013b0    program     extern D:\Studying\HK211\CO3091_DoAnTKLL\DoAnTKLL211\lcd\lcd.c
            lcd_write_cmd   0x0013f6    program     extern D:\Studying\HK211\CO3091_DoAnTKLL\DoAnTKLL211\lcd\lcd.c
           lcd_write_data   0x001432    program     extern D:\Studying\HK211\CO3091_DoAnTKLL\DoAnTKLL211\lcd\lcd.c
                     loop   0x002c5c    program     static                          
                     loop   0x002b8c    program     static                          
                     loop   0x002bd2    program     static                          
                     loop   0x002c0a    program     static                          
                   loop_h   0x002c3a    program     static E:\3.46\pic18-lt\cxx-framework\src\traditional\proc\p18f4620.asm
                   loop_l   0x002c44    program     static E:\3.46\pic18-lt\cxx-framework\src\traditional\proc\p18f4620.asm
                  low_isr   0x00268c    program     extern D:\Studying\HK211\CO3091_DoAnTKLL\DoAnTKLL211\interrupt\interrupt.c
                     main   0x00005c    program     extern D:\Studying\HK211\CO3091_DoAnTKLL\DoAnTKLL211\main.c
                  memmove   0x002a76    program     extern E:\3.46\pic18-lt\cxx-framework\src\traditional\stdclib\memmove.asm
               reset_data   0x000f32    program     extern D:\Studying\HK211\CO3091_DoAnTKLL\DoAnTKLL211\main.c
          scan_key_matrix   0x002370    program     extern D:\Studying\HK211\CO3091_DoAnTKLL\DoAnTKLL211\button_matrix\button.c
     scan_key_matrix_demo   0x002556    program     extern D:\Studying\HK211\CO3091_DoAnTKLL\DoAnTKLL211\button_matrix\button.c
             start_timer0   0x001f04    program     extern D:\Studying\HK211\CO3091_DoAnTKLL\DoAnTKLL211\timer\timer.c
             start_timer1   0x00204a    program     extern D:\Studying\HK211\CO3091_DoAnTKLL\DoAnTKLL211\timer\timer.c
             start_timer2   0x002106    program     extern D:\Studying\HK211\CO3091_DoAnTKLL\DoAnTKLL211\timer\timer.c
             start_timer3   0x0021c8    program     extern D:\Studying\HK211\CO3091_DoAnTKLL\DoAnTKLL211\timer\timer.c
              stop_timer0   0x001f00    program     extern D:\Studying\HK211\CO3091_DoAnTKLL\DoAnTKLL211\timer\timer.c
              stop_timer1   0x0020d6    program     extern D:\Studying\HK211\CO3091_DoAnTKLL\DoAnTKLL211\timer\timer.c
              stop_timer2   0x00210e    program     extern D:\Studying\HK211\CO3091_DoAnTKLL\DoAnTKLL211\timer\timer.c
              stop_timer3   0x002254    program     extern D:\Studying\HK211\CO3091_DoAnTKLL\DoAnTKLL211\timer\timer.c
                     test   0x0029f2    program     static                          
               timer0_isr   0x002258    program     extern D:\Studying\HK211\CO3091_DoAnTKLL\DoAnTKLL211\timer\timer.c
               timer1_isr   0x002274    program     extern D:\Studying\HK211\CO3091_DoAnTKLL\DoAnTKLL211\timer\timer.c
               timer2_isr   0x002290    program     extern D:\Studying\HK211\CO3091_DoAnTKLL\DoAnTKLL211\timer\timer.c
               timer3_isr   0x0022ac    program     extern D:\Studying\HK211\CO3091_DoAnTKLL\DoAnTKLL211\timer\timer.c
                 v_timer0   0x0010bc    program     extern D:\Studying\HK211\CO3091_DoAnTKLL\DoAnTKLL211\lcd\lcd.c
               zero_block   0x002c3a    program     static E:\3.46\pic18-lt\cxx-framework\src\traditional\proc\p18f4620.asm
                   ADCON0   0x000fc2       data     extern E:\3.46\pic18-lt\cxx-framework\src\traditional\proc\p18f4620.asm
               ADCON0bits   0x000fc2       data     extern E:\3.46\pic18-lt\cxx-framework\src\traditional\proc\p18f4620.asm
                   ADCON1   0x000fc1       data     extern E:\3.46\pic18-lt\cxx-framework\src\traditional\proc\p18f4620.asm
               ADCON1bits   0x000fc1       data     extern E:\3.46\pic18-lt\cxx-framework\src\traditional\proc\p18f4620.asm
                   ADCON2   0x000fc0       data     extern E:\3.46\pic18-lt\cxx-framework\src\traditional\proc\p18f4620.asm
               ADCON2bits   0x000fc0       data     extern E:\3.46\pic18-lt\cxx-framework\src\traditional\proc\p18f4620.asm
                    ADRES   0x000fc3       data     extern E:\3.46\pic18-lt\cxx-framework\src\traditional\proc\p18f4620.asm
                   ADRESH   0x000fc4       data     extern E:\3.46\pic18-lt\cxx-framework\src\traditional\proc\p18f4620.asm
                   ADRESL   0x000fc3       data     extern E:\3.46\pic18-lt\cxx-framework\src\traditional\proc\p18f4620.asm
                  BAUDCON   0x000fb8       data     extern E:\3.46\pic18-lt\cxx-framework\src\traditional\proc\p18f4620.asm
              BAUDCONbits   0x000fb8       data     extern E:\3.46\pic18-lt\cxx-framework\src\traditional\proc\p18f4620.asm
                  BAUDCTL   0x000fb8       data     extern E:\3.46\pic18-lt\cxx-framework\src\traditional\proc\p18f4620.asm
              BAUDCTLbits   0x000fb8       data     extern E:\3.46\pic18-lt\cxx-framework\src\traditional\proc\p18f4620.asm
                      BSR   0x000fe0       data     extern E:\3.46\pic18-lt\cxx-framework\src\traditional\proc\p18f4620.asm
                  CCP1CON   0x000fbd       data     extern E:\3.46\pic18-lt\cxx-framework\src\traditional\proc\p18f4620.asm
              CCP1CONbits   0x000fbd       data     extern E:\3.46\pic18-lt\cxx-framework\src\traditional\proc\p18f4620.asm
                  CCP2CON   0x000fba       data     extern E:\3.46\pic18-lt\cxx-framework\src\traditional\proc\p18f4620.asm
              CCP2CONbits   0x000fba       data     extern E:\3.46\pic18-lt\cxx-framework\src\traditional\proc\p18f4620.asm
                    CCPR1   0x000fbe       data     extern E:\3.46\pic18-lt\cxx-framework\src\traditional\proc\p18f4620.asm
                   CCPR1H   0x000fbf       data     extern E:\3.46\pic18-lt\cxx-framework\src\traditional\proc\p18f4620.asm
                   CCPR1L   0x000fbe       data     extern E:\3.46\pic18-lt\cxx-framework\src\traditional\proc\p18f4620.asm
                    CCPR2   0x000fbb       data     extern E:\3.46\pic18-lt\cxx-framework\src\traditional\proc\p18f4620.asm
                   CCPR2H   0x000fbc       data     extern E:\3.46\pic18-lt\cxx-framework\src\traditional\proc\p18f4620.asm
                   CCPR2L   0x000fbb       data     extern E:\3.46\pic18-lt\cxx-framework\src\traditional\proc\p18f4620.asm
                    CMCON   0x000fb4       data     extern E:\3.46\pic18-lt\cxx-framework\src\traditional\proc\p18f4620.asm
                CMCONbits   0x000fb4       data     extern E:\3.46\pic18-lt\cxx-framework\src\traditional\proc\p18f4620.asm
                   CVRCON   0x000fb5       data     extern E:\3.46\pic18-lt\cxx-framework\src\traditional\proc\p18f4620.asm
               CVRCONbits   0x000fb5       data     extern E:\3.46\pic18-lt\cxx-framework\src\traditional\proc\p18f4620.asm
                     DDRA   0x000f92       data     extern E:\3.46\pic18-lt\cxx-framework\src\traditional\proc\p18f4620.asm
                 DDRAbits   0x000f92       data     extern E:\3.46\pic18-lt\cxx-framework\src\traditional\proc\p18f4620.asm
                     DDRB   0x000f93       data     extern E:\3.46\pic18-lt\cxx-framework\src\traditional\proc\p18f4620.asm
                 DDRBbits   0x000f93       data     extern E:\3.46\pic18-lt\cxx-framework\src\traditional\proc\p18f4620.asm
                     DDRC   0x000f94       data     extern E:\3.46\pic18-lt\cxx-framework\src\traditional\proc\p18f4620.asm
                 DDRCbits   0x000f94       data     extern E:\3.46\pic18-lt\cxx-framework\src\traditional\proc\p18f4620.asm
                     DDRD   0x000f95       data     extern E:\3.46\pic18-lt\cxx-framework\src\traditional\proc\p18f4620.asm
                 DDRDbits   0x000f95       data     extern E:\3.46\pic18-lt\cxx-framework\src\traditional\proc\p18f4620.asm
                     DDRE   0x000f96       data     extern E:\3.46\pic18-lt\cxx-framework\src\traditional\proc\p18f4620.asm
                 DDREbits   0x000f96       data     extern E:\3.46\pic18-lt\cxx-framework\src\traditional\proc\p18f4620.asm
                  ECCP1AS   0x000fb6       data     extern E:\3.46\pic18-lt\cxx-framework\src\traditional\proc\p18f4620.asm
              ECCP1ASbits   0x000fb6       data     extern E:\3.46\pic18-lt\cxx-framework\src\traditional\proc\p18f4620.asm
                    EEADR   0x000fa9       data     extern E:\3.46\pic18-lt\cxx-framework\src\traditional\proc\p18f4620.asm
                   EEADRH   0x000faa       data     extern E:\3.46\pic18-lt\cxx-framework\src\traditional\proc\p18f4620.asm
                   EECON1   0x000fa6       data     extern E:\3.46\pic18-lt\cxx-framework\src\traditional\proc\p18f4620.asm
               EECON1bits   0x000fa6       data     extern E:\3.46\pic18-lt\cxx-framework\src\traditional\proc\p18f4620.asm
                   EECON2   0x000fa7       data     extern E:\3.46\pic18-lt\cxx-framework\src\traditional\proc\p18f4620.asm
                   EEDATA   0x000fa8       data     extern E:\3.46\pic18-lt\cxx-framework\src\traditional\proc\p18f4620.asm
                     FSR0   0x000fe9       data     extern E:\3.46\pic18-lt\cxx-framework\src\traditional\proc\p18f4620.asm
                    FSR0H   0x000fea       data     extern E:\3.46\pic18-lt\cxx-framework\src\traditional\proc\p18f4620.asm
                    FSR0L   0x000fe9       data     extern E:\3.46\pic18-lt\cxx-framework\src\traditional\proc\p18f4620.asm
                     FSR1   0x000fe1       data     extern E:\3.46\pic18-lt\cxx-framework\src\traditional\proc\p18f4620.asm
                    FSR1H   0x000fe2       data     extern E:\3.46\pic18-lt\cxx-framework\src\traditional\proc\p18f4620.asm
                    FSR1L   0x000fe1       data     extern E:\3.46\pic18-lt\cxx-framework\src\traditional\proc\p18f4620.asm
                     FSR2   0x000fd9       data     extern E:\3.46\pic18-lt\cxx-framework\src\traditional\proc\p18f4620.asm
                    FSR2H   0x000fda       data     extern E:\3.46\pic18-lt\cxx-framework\src\traditional\proc\p18f4620.asm
                    FSR2L   0x000fd9       data     extern E:\3.46\pic18-lt\cxx-framework\src\traditional\proc\p18f4620.asm
                  HLVDCON   0x000fd2       data     extern E:\3.46\pic18-lt\cxx-framework\src\traditional\proc\p18f4620.asm
              HLVDCONbits   0x000fd2       data     extern E:\3.46\pic18-lt\cxx-framework\src\traditional\proc\p18f4620.asm
                    INDF0   0x000fef       data     extern E:\3.46\pic18-lt\cxx-framework\src\traditional\proc\p18f4620.asm
                    INDF1   0x000fe7       data     extern E:\3.46\pic18-lt\cxx-framework\src\traditional\proc\p18f4620.asm
                    INDF2   0x000fdf       data     extern E:\3.46\pic18-lt\cxx-framework\src\traditional\proc\p18f4620.asm
                   INTCON   0x000ff2       data     extern E:\3.46\pic18-lt\cxx-framework\src\traditional\proc\p18f4620.asm
                  INTCON2   0x000ff1       data     extern E:\3.46\pic18-lt\cxx-framework\src\traditional\proc\p18f4620.asm
              INTCON2bits   0x000ff1       data     extern E:\3.46\pic18-lt\cxx-framework\src\traditional\proc\p18f4620.asm
                  INTCON3   0x000ff0       data     extern E:\3.46\pic18-lt\cxx-framework\src\traditional\proc\p18f4620.asm
              INTCON3bits   0x000ff0       data     extern E:\3.46\pic18-lt\cxx-framework\src\traditional\proc\p18f4620.asm
               INTCONbits   0x000ff2       data     extern E:\3.46\pic18-lt\cxx-framework\src\traditional\proc\p18f4620.asm
                     IPR1   0x000f9f       data     extern E:\3.46\pic18-lt\cxx-framework\src\traditional\proc\p18f4620.asm
                 IPR1bits   0x000f9f       data     extern E:\3.46\pic18-lt\cxx-framework\src\traditional\proc\p18f4620.asm
                     IPR2   0x000fa2       data     extern E:\3.46\pic18-lt\cxx-framework\src\traditional\proc\p18f4620.asm
                 IPR2bits   0x000fa2       data     extern E:\3.46\pic18-lt\cxx-framework\src\traditional\proc\p18f4620.asm
                     LATA   0x000f89       data     extern E:\3.46\pic18-lt\cxx-framework\src\traditional\proc\p18f4620.asm
                 LATAbits   0x000f89       data     extern E:\3.46\pic18-lt\cxx-framework\src\traditional\proc\p18f4620.asm
                     LATB   0x000f8a       data     extern E:\3.46\pic18-lt\cxx-framework\src\traditional\proc\p18f4620.asm
                 LATBbits   0x000f8a       data     extern E:\3.46\pic18-lt\cxx-framework\src\traditional\proc\p18f4620.asm
                     LATC   0x000f8b       data     extern E:\3.46\pic18-lt\cxx-framework\src\traditional\proc\p18f4620.asm
                 LATCbits   0x000f8b       data     extern E:\3.46\pic18-lt\cxx-framework\src\traditional\proc\p18f4620.asm
                     LATD   0x000f8c       data     extern E:\3.46\pic18-lt\cxx-framework\src\traditional\proc\p18f4620.asm
                 LATDbits   0x000f8c       data     extern E:\3.46\pic18-lt\cxx-framework\src\traditional\proc\p18f4620.asm
                     LATE   0x000f8d       data     extern E:\3.46\pic18-lt\cxx-framework\src\traditional\proc\p18f4620.asm
                 LATEbits   0x000f8d       data     extern E:\3.46\pic18-lt\cxx-framework\src\traditional\proc\p18f4620.asm
                   LVDCON   0x000fd2       data     extern E:\3.46\pic18-lt\cxx-framework\src\traditional\proc\p18f4620.asm
               LVDCONbits   0x000fd2       data     extern E:\3.46\pic18-lt\cxx-framework\src\traditional\proc\p18f4620.asm
                LcdScreen   0x0000c1       data     extern D:\Studying\HK211\CO3091_DoAnTKLL\DoAnTKLL211\lcd\lcd.c
                   OSCCON   0x000fd3       data     extern E:\3.46\pic18-lt\cxx-framework\src\traditional\proc\p18f4620.asm
               OSCCONbits   0x000fd3       data     extern E:\3.46\pic18-lt\cxx-framework\src\traditional\proc\p18f4620.asm
                  OSCTUNE   0x000f9b       data     extern E:\3.46\pic18-lt\cxx-framework\src\traditional\proc\p18f4620.asm
              OSCTUNEbits   0x000f9b       data     extern E:\3.46\pic18-lt\cxx-framework\src\traditional\proc\p18f4620.asm
                       PC   0x000ff9       data     extern E:\3.46\pic18-lt\cxx-framework\src\traditional\proc\p18f4620.asm
                      PCL   0x000ff9       data     extern E:\3.46\pic18-lt\cxx-framework\src\traditional\proc\p18f4620.asm
                   PCLATH   0x000ffa       data     extern E:\3.46\pic18-lt\cxx-framework\src\traditional\proc\p18f4620.asm
                   PCLATU   0x000ffb       data     extern E:\3.46\pic18-lt\cxx-framework\src\traditional\proc\p18f4620.asm
                     PIE1   0x000f9d       data     extern E:\3.46\pic18-lt\cxx-framework\src\traditional\proc\p18f4620.asm
                 PIE1bits   0x000f9d       data     extern E:\3.46\pic18-lt\cxx-framework\src\traditional\proc\p18f4620.asm
                     PIE2   0x000fa0       data     extern E:\3.46\pic18-lt\cxx-framework\src\traditional\proc\p18f4620.asm
                 PIE2bits   0x000fa0       data     extern E:\3.46\pic18-lt\cxx-framework\src\traditional\proc\p18f4620.asm
                     PIR1   0x000f9e       data     extern E:\3.46\pic18-lt\cxx-framework\src\traditional\proc\p18f4620.asm
                 PIR1bits   0x000f9e       data     extern E:\3.46\pic18-lt\cxx-framework\src\traditional\proc\p18f4620.asm
                     PIR2   0x000fa1       data     extern E:\3.46\pic18-lt\cxx-framework\src\traditional\proc\p18f4620.asm
                 PIR2bits   0x000fa1       data     extern E:\3.46\pic18-lt\cxx-framework\src\traditional\proc\p18f4620.asm
                   PLUSW0   0x000feb       data     extern E:\3.46\pic18-lt\cxx-framework\src\traditional\proc\p18f4620.asm
                   PLUSW1   0x000fe3       data     extern E:\3.46\pic18-lt\cxx-framework\src\traditional\proc\p18f4620.asm
                   PLUSW2   0x000fdb       data     extern E:\3.46\pic18-lt\cxx-framework\src\traditional\proc\p18f4620.asm
                    PORTA   0x000f80       data     extern E:\3.46\pic18-lt\cxx-framework\src\traditional\proc\p18f4620.asm
                PORTAbits   0x000f80       data     extern E:\3.46\pic18-lt\cxx-framework\src\traditional\proc\p18f4620.asm
                    PORTB   0x000f81       data     extern E:\3.46\pic18-lt\cxx-framework\src\traditional\proc\p18f4620.asm
                PORTBbits   0x000f81       data     extern E:\3.46\pic18-lt\cxx-framework\src\traditional\proc\p18f4620.asm
                    PORTC   0x000f82       data     extern E:\3.46\pic18-lt\cxx-framework\src\traditional\proc\p18f4620.asm
                PORTCbits   0x000f82       data     extern E:\3.46\pic18-lt\cxx-framework\src\traditional\proc\p18f4620.asm
                    PORTD   0x000f83       data     extern E:\3.46\pic18-lt\cxx-framework\src\traditional\proc\p18f4620.asm
                PORTDbits   0x000f83       data     extern E:\3.46\pic18-lt\cxx-framework\src\traditional\proc\p18f4620.asm
                    PORTE   0x000f84       data     extern E:\3.46\pic18-lt\cxx-framework\src\traditional\proc\p18f4620.asm
                PORTEbits   0x000f84       data     extern E:\3.46\pic18-lt\cxx-framework\src\traditional\proc\p18f4620.asm
                 POSTDEC0   0x000fed       data     extern E:\3.46\pic18-lt\cxx-framework\src\traditional\proc\p18f4620.asm
                 POSTDEC1   0x000fe5       data     extern E:\3.46\pic18-lt\cxx-framework\src\traditional\proc\p18f4620.asm
                 POSTDEC2   0x000fdd       data     extern E:\3.46\pic18-lt\cxx-framework\src\traditional\proc\p18f4620.asm
                 POSTINC0   0x000fee       data     extern E:\3.46\pic18-lt\cxx-framework\src\traditional\proc\p18f4620.asm
                 POSTINC1   0x000fe6       data     extern E:\3.46\pic18-lt\cxx-framework\src\traditional\proc\p18f4620.asm
                 POSTINC2   0x000fde       data     extern E:\3.46\pic18-lt\cxx-framework\src\traditional\proc\p18f4620.asm
                      PR2   0x000fcb       data     extern E:\3.46\pic18-lt\cxx-framework\src\traditional\proc\p18f4620.asm
                  PREINC0   0x000fec       data     extern E:\3.46\pic18-lt\cxx-framework\src\traditional\proc\p18f4620.asm
                  PREINC1   0x000fe4       data     extern E:\3.46\pic18-lt\cxx-framework\src\traditional\proc\p18f4620.asm
                  PREINC2   0x000fdc       data     extern E:\3.46\pic18-lt\cxx-framework\src\traditional\proc\p18f4620.asm
                     PROD   0x000ff3       data     extern E:\3.46\pic18-lt\cxx-framework\src\traditional\proc\p18f4620.asm
                    PRODH   0x000ff4       data     extern E:\3.46\pic18-lt\cxx-framework\src\traditional\proc\p18f4620.asm
                    PRODL   0x000ff3       data     extern E:\3.46\pic18-lt\cxx-framework\src\traditional\proc\p18f4620.asm
                  PWM1CON   0x000fb7       data     extern E:\3.46\pic18-lt\cxx-framework\src\traditional\proc\p18f4620.asm
              PWM1CONbits   0x000fb7       data     extern E:\3.46\pic18-lt\cxx-framework\src\traditional\proc\p18f4620.asm
                     RCON   0x000fd0       data     extern E:\3.46\pic18-lt\cxx-framework\src\traditional\proc\p18f4620.asm
                 RCONbits   0x000fd0       data     extern E:\3.46\pic18-lt\cxx-framework\src\traditional\proc\p18f4620.asm
                    RCREG   0x000fae       data     extern E:\3.46\pic18-lt\cxx-framework\src\traditional\proc\p18f4620.asm
                    RCSTA   0x000fab       data     extern E:\3.46\pic18-lt\cxx-framework\src\traditional\proc\p18f4620.asm
                RCSTAbits   0x000fab       data     extern E:\3.46\pic18-lt\cxx-framework\src\traditional\proc\p18f4620.asm
                     SIGN   0x000000       data     extern E:\3.46\pic18-lt\cxx-framework\src\traditional\math\cmath18.asm
                    SPBRG   0x000faf       data     extern E:\3.46\pic18-lt\cxx-framework\src\traditional\proc\p18f4620.asm
                   SPBRGH   0x000fb0       data     extern E:\3.46\pic18-lt\cxx-framework\src\traditional\proc\p18f4620.asm
                   SSPADD   0x000fc8       data     extern E:\3.46\pic18-lt\cxx-framework\src\traditional\proc\p18f4620.asm
                   SSPBUF   0x000fc9       data     extern E:\3.46\pic18-lt\cxx-framework\src\traditional\proc\p18f4620.asm
                  SSPCON1   0x000fc6       data     extern E:\3.46\pic18-lt\cxx-framework\src\traditional\proc\p18f4620.asm
              SSPCON1bits   0x000fc6       data     extern E:\3.46\pic18-lt\cxx-framework\src\traditional\proc\p18f4620.asm
                  SSPCON2   0x000fc5       data     extern E:\3.46\pic18-lt\cxx-framework\src\traditional\proc\p18f4620.asm
              SSPCON2bits   0x000fc5       data     extern E:\3.46\pic18-lt\cxx-framework\src\traditional\proc\p18f4620.asm
                  SSPSTAT   0x000fc7       data     extern E:\3.46\pic18-lt\cxx-framework\src\traditional\proc\p18f4620.asm
              SSPSTATbits   0x000fc7       data     extern E:\3.46\pic18-lt\cxx-framework\src\traditional\proc\p18f4620.asm
                   STATUS   0x000fd8       data     extern E:\3.46\pic18-lt\cxx-framework\src\traditional\proc\p18f4620.asm
               STATUSbits   0x000fd8       data     extern E:\3.46\pic18-lt\cxx-framework\src\traditional\proc\p18f4620.asm
                   STKPTR   0x000ffc       data     extern E:\3.46\pic18-lt\cxx-framework\src\traditional\proc\p18f4620.asm
               STKPTRbits   0x000ffc       data     extern E:\3.46\pic18-lt\cxx-framework\src\traditional\proc\p18f4620.asm
                STT_value   0x0001a2       data     extern D:\Studying\HK211\CO3091_DoAnTKLL\DoAnTKLL211\main.c
                    T0CON   0x000fd5       data     extern E:\3.46\pic18-lt\cxx-framework\src\traditional\proc\p18f4620.asm
                T0CONbits   0x000fd5       data     extern E:\3.46\pic18-lt\cxx-framework\src\traditional\proc\p18f4620.asm
                    T1CON   0x000fcd       data     extern E:\3.46\pic18-lt\cxx-framework\src\traditional\proc\p18f4620.asm
                T1CONbits   0x000fcd       data     extern E:\3.46\pic18-lt\cxx-framework\src\traditional\proc\p18f4620.asm
                    T2CON   0x000fca       data     extern E:\3.46\pic18-lt\cxx-framework\src\traditional\proc\p18f4620.asm
                T2CONbits   0x000fca       data     extern E:\3.46\pic18-lt\cxx-framework\src\traditional\proc\p18f4620.asm
                    T3CON   0x000fb1       data     extern E:\3.46\pic18-lt\cxx-framework\src\traditional\proc\p18f4620.asm
                T3CONbits   0x000fb1       data     extern E:\3.46\pic18-lt\cxx-framework\src\traditional\proc\p18f4620.asm
                   TABLAT   0x000ff5       data     extern E:\3.46\pic18-lt\cxx-framework\src\traditional\proc\p18f4620.asm
                   TBLPTR   0x000ff6       data     extern E:\3.46\pic18-lt\cxx-framework\src\traditional\proc\p18f4620.asm
                  TBLPTRH   0x000ff7       data     extern E:\3.46\pic18-lt\cxx-framework\src\traditional\proc\p18f4620.asm
                  TBLPTRL   0x000ff6       data     extern E:\3.46\pic18-lt\cxx-framework\src\traditional\proc\p18f4620.asm
                  TBLPTRU   0x000ff8       data     extern E:\3.46\pic18-lt\cxx-framework\src\traditional\proc\p18f4620.asm
                    TMR0H   0x000fd7       data     extern E:\3.46\pic18-lt\cxx-framework\src\traditional\proc\p18f4620.asm
                    TMR0L   0x000fd6       data     extern E:\3.46\pic18-lt\cxx-framework\src\traditional\proc\p18f4620.asm
                    TMR1H   0x000fcf       data     extern E:\3.46\pic18-lt\cxx-framework\src\traditional\proc\p18f4620.asm
                    TMR1L   0x000fce       data     extern E:\3.46\pic18-lt\cxx-framework\src\traditional\proc\p18f4620.asm
                     TMR2   0x000fcc       data     extern E:\3.46\pic18-lt\cxx-framework\src\traditional\proc\p18f4620.asm
                    TMR3H   0x000fb3       data     extern E:\3.46\pic18-lt\cxx-framework\src\traditional\proc\p18f4620.asm
                    TMR3L   0x000fb2       data     extern E:\3.46\pic18-lt\cxx-framework\src\traditional\proc\p18f4620.asm
                      TOS   0x000ffd       data     extern E:\3.46\pic18-lt\cxx-framework\src\traditional\proc\p18f4620.asm
                     TOSH   0x000ffe       data     extern E:\3.46\pic18-lt\cxx-framework\src\traditional\proc\p18f4620.asm
                     TOSL   0x000ffd       data     extern E:\3.46\pic18-lt\cxx-framework\src\traditional\proc\p18f4620.asm
                     TOSU   0x000fff       data     extern E:\3.46\pic18-lt\cxx-framework\src\traditional\proc\p18f4620.asm
                    TRISA   0x000f92       data     extern E:\3.46\pic18-lt\cxx-framework\src\traditional\proc\p18f4620.asm
                TRISAbits   0x000f92       data     extern E:\3.46\pic18-lt\cxx-framework\src\traditional\proc\p18f4620.asm
                    TRISB   0x000f93       data     extern E:\3.46\pic18-lt\cxx-framework\src\traditional\proc\p18f4620.asm
                TRISBbits   0x000f93       data     extern E:\3.46\pic18-lt\cxx-framework\src\traditional\proc\p18f4620.asm
                    TRISC   0x000f94       data     extern E:\3.46\pic18-lt\cxx-framework\src\traditional\proc\p18f4620.asm
                TRISCbits   0x000f94       data     extern E:\3.46\pic18-lt\cxx-framework\src\traditional\proc\p18f4620.asm
                    TRISD   0x000f95       data     extern E:\3.46\pic18-lt\cxx-framework\src\traditional\proc\p18f4620.asm
                TRISDbits   0x000f95       data     extern E:\3.46\pic18-lt\cxx-framework\src\traditional\proc\p18f4620.asm
                    TRISE   0x000f96       data     extern E:\3.46\pic18-lt\cxx-framework\src\traditional\proc\p18f4620.asm
                TRISEbits   0x000f96       data     extern E:\3.46\pic18-lt\cxx-framework\src\traditional\proc\p18f4620.asm
                    TXREG   0x000fad       data     extern E:\3.46\pic18-lt\cxx-framework\src\traditional\proc\p18f4620.asm
                    TXSTA   0x000fac       data     extern E:\3.46\pic18-lt\cxx-framework\src\traditional\proc\p18f4620.asm
                TXSTAbits   0x000fac       data     extern E:\3.46\pic18-lt\cxx-framework\src\traditional\proc\p18f4620.asm
                 UserFont   0x000080       data     extern D:\Studying\HK211\CO3091_DoAnTKLL\DoAnTKLL211\lcd\lcd.c
                        W   0x000fe8       data     extern E:\3.46\pic18-lt\cxx-framework\src\traditional\proc\p18f4620.asm
                   WDTCON   0x000fd1       data     extern E:\3.46\pic18-lt\cxx-framework\src\traditional\proc\p18f4620.asm
               WDTCONbits   0x000fd1       data     extern E:\3.46\pic18-lt\cxx-framework\src\traditional\proc\p18f4620.asm
                     WREG   0x000fe8       data     extern E:\3.46\pic18-lt\cxx-framework\src\traditional\proc\p18f4620.asm
                 __AARGB0   0x000009       data     extern E:\3.46\pic18-lt\cxx-framework\src\traditional\math\aarg.asm
                 __AARGB1   0x000008       data     extern E:\3.46\pic18-lt\cxx-framework\src\traditional\math\aarg.asm
                 __AARGB2   0x000007       data     extern E:\3.46\pic18-lt\cxx-framework\src\traditional\math\aarg.asm
                 __AARGB3   0x000006       data     extern E:\3.46\pic18-lt\cxx-framework\src\traditional\math\aarg.asm
                 __AARGB4   0x000005       data     extern E:\3.46\pic18-lt\cxx-framework\src\traditional\math\aarg.asm
                 __AARGB5   0x000004       data     extern E:\3.46\pic18-lt\cxx-framework\src\traditional\math\aarg.asm
                 __AARGB6   0x000003       data     extern E:\3.46\pic18-lt\cxx-framework\src\traditional\math\aarg.asm
                 __AARGB7   0x000002       data     extern E:\3.46\pic18-lt\cxx-framework\src\traditional\math\aarg.asm
                   __AEXP   0x00000a       data     extern E:\3.46\pic18-lt\cxx-framework\src\traditional\math\aarg.asm
                 __BARGB0   0x00000e       data     extern E:\3.46\pic18-lt\cxx-framework\src\traditional\math\barg.asm
                 __BARGB1   0x00000d       data     extern E:\3.46\pic18-lt\cxx-framework\src\traditional\math\barg.asm
                 __BARGB2   0x00000c       data     extern E:\3.46\pic18-lt\cxx-framework\src\traditional\math\barg.asm
                 __BARGB3   0x00000b       data     extern E:\3.46\pic18-lt\cxx-framework\src\traditional\math\barg.asm
                   __BEXP   0x00000f       data     extern E:\3.46\pic18-lt\cxx-framework\src\traditional\math\barg.asm
                __FPFLAGS   0x000001       data     extern E:\3.46\pic18-lt\cxx-framework\src\traditional\math\cmath18.asm
            __FPFLAGSbits   0x000001       data     extern E:\3.46\pic18-lt\cxx-framework\src\traditional\math\cmath18.asm
                  __REMB0   0x000005       data     extern E:\3.46\pic18-lt\cxx-framework\src\traditional\math\aarg.asm
                  __REMB1   0x000004       data     extern E:\3.46\pic18-lt\cxx-framework\src\traditional\math\aarg.asm
                  __REMB2   0x000003       data     extern E:\3.46\pic18-lt\cxx-framework\src\traditional\math\aarg.asm
                  __REMB3   0x000002       data     extern E:\3.46\pic18-lt\cxx-framework\src\traditional\math\aarg.asm
                  __tmp_0   0x000010       data     static D:\Studying\HK211\CO3091_DoAnTKLL\DoAnTKLL211\main.c
                  __tmp_0   0x000010       data     static D:\Studying\HK211\CO3091_DoAnTKLL\DoAnTKLL211\button_matrix\button.c
                  __tmp_0   0x000010       data     static D:\Studying\HK211\CO3091_DoAnTKLL\DoAnTKLL211\lcd\lcd.c
                  __tmp_0   0x000010       data     static D:\Studying\HK211\CO3091_DoAnTKLL\DoAnTKLL211\timer\timer.c
                  account   0x00013e       data     extern D:\Studying\HK211\CO3091_DoAnTKLL\DoAnTKLL211\main.c
         arrayMapOfNumber   0x000110       data     extern D:\Studying\HK211\CO3091_DoAnTKLL\DoAnTKLL211\main.c
         arrayMapOfOutput   0x000100       data     extern D:\Studying\HK211\CO3091_DoAnTKLL\DoAnTKLL211\main.c
       arrayMapOfPassword   0x000120       data     extern D:\Studying\HK211\CO3091_DoAnTKLL\DoAnTKLL211\main.c
      arrayMaskInputOfKey   0x0001d3       data     extern D:\Studying\HK211\CO3091_DoAnTKLL\DoAnTKLL211\button_matrix\button.c
     arrayMaskOutputOfKey   0x0001cf       data     extern D:\Studying\HK211\CO3091_DoAnTKLL\DoAnTKLL211\button_matrix\button.c
            arrayPassword   0x0001f7       data     extern D:\Studying\HK211\CO3091_DoAnTKLL\DoAnTKLL211\main.c
                     cnt0   0x0000ef       data     extern D:\Studying\HK211\CO3091_DoAnTKLL\DoAnTKLL211\interrupt\interrupt.c
                     cnt1   0x0000f1       data     extern D:\Studying\HK211\CO3091_DoAnTKLL\DoAnTKLL211\interrupt\interrupt.c
                curr_byte   0x0000e4       data     static E:\3.46\pic18-lt\cxx-framework\src\traditional\startup\c018i.c
               curr_entry   0x0000e6       data     static E:\3.46\pic18-lt\cxx-framework\src\traditional\startup\c018i.c
              current_col   0x0000ed       data     extern D:\Studying\HK211\CO3091_DoAnTKLL\DoAnTKLL211\lcd\lcd.c
              current_row   0x0000eb       data     extern D:\Studying\HK211\CO3091_DoAnTKLL\DoAnTKLL211\lcd\lcd.c
             current_user   0x0001a8       data     extern D:\Studying\HK211\CO3091_DoAnTKLL\DoAnTKLL211\main.c
                 data_ptr   0x0000e8       data     static E:\3.46\pic18-lt\cxx-framework\src\traditional\startup\c018i.c
              flag_timer0   0x0001df       data     extern D:\Studying\HK211\CO3091_DoAnTKLL\DoAnTKLL211\timer\timer.c
              flag_timer1   0x0001e0       data     extern D:\Studying\HK211\CO3091_DoAnTKLL\DoAnTKLL211\timer\timer.c
              flag_timer2   0x0001e1       data     extern D:\Studying\HK211\CO3091_DoAnTKLL\DoAnTKLL211\timer\timer.c
              flag_timer3   0x0001e2       data     extern D:\Studying\HK211\CO3091_DoAnTKLL\DoAnTKLL211\timer\timer.c
            indexOfNumber   0x0001a5       data     extern D:\Studying\HK211\CO3091_DoAnTKLL\DoAnTKLL211\main.c
               indexOfSTT   0x0001a6       data     extern D:\Studying\HK211\CO3091_DoAnTKLL\DoAnTKLL211\main.c
               index_user   0x0001ac       data     extern D:\Studying\HK211\CO3091_DoAnTKLL\DoAnTKLL211\main.c
                 key_code   0x0001af       data     extern D:\Studying\HK211\CO3091_DoAnTKLL\DoAnTKLL211\button_matrix\button.c
              num_of_user   0x0001aa       data     extern D:\Studying\HK211\CO3091_DoAnTKLL\DoAnTKLL211\main.c
              numberValue   0x0001fd       data     extern D:\Studying\HK211\CO3091_DoAnTKLL\DoAnTKLL211\main.c
                     prom   0x0000e1       data     static E:\3.46\pic18-lt\cxx-framework\src\traditional\startup\c018i.c
                statusLCD   0x0000c0       data     extern D:\Studying\HK211\CO3091_DoAnTKLL\DoAnTKLL211\lcd\lcd.c
              statusLight   0x0001ae       data     extern D:\Studying\HK211\CO3091_DoAnTKLL\DoAnTKLL211\main.c
             statusOutput   0x000108       data     extern D:\Studying\HK211\CO3091_DoAnTKLL\DoAnTKLL211\main.c
           statusPassword   0x0001a4       data     extern D:\Studying\HK211\CO3091_DoAnTKLL\DoAnTKLL211\main.c
                time0_MUL   0x0001ef       data     extern D:\Studying\HK211\CO3091_DoAnTKLL\DoAnTKLL211\timer\timer.c
                time1_MUL   0x0001f1       data     extern D:\Studying\HK211\CO3091_DoAnTKLL\DoAnTKLL211\timer\timer.c
                time2_MUL   0x0001f3       data     extern D:\Studying\HK211\CO3091_DoAnTKLL\DoAnTKLL211\timer\timer.c
                time3_MUL   0x0001f5       data     extern D:\Studying\HK211\CO3091_DoAnTKLL\DoAnTKLL211\timer\timer.c
                timeDelay   0x0001a7       data     extern D:\Studying\HK211\CO3091_DoAnTKLL\DoAnTKLL211\main.c
               timer0_cnt   0x0001e7       data     extern D:\Studying\HK211\CO3091_DoAnTKLL\DoAnTKLL211\timer\timer.c
             timer0_value   0x0001d7       data     extern D:\Studying\HK211\CO3091_DoAnTKLL\DoAnTKLL211\timer\timer.c
               timer1_cnt   0x0001e9       data     extern D:\Studying\HK211\CO3091_DoAnTKLL\DoAnTKLL211\timer\timer.c
             timer1_value   0x0001d9       data     extern D:\Studying\HK211\CO3091_DoAnTKLL\DoAnTKLL211\timer\timer.c
               timer2_cnt   0x0001eb       data     extern D:\Studying\HK211\CO3091_DoAnTKLL\DoAnTKLL211\timer\timer.c
             timer2_value   0x0001db       data     extern D:\Studying\HK211\CO3091_DoAnTKLL\DoAnTKLL211\timer\timer.c
               timer3_cnt   0x0001ed       data     extern D:\Studying\HK211\CO3091_DoAnTKLL\DoAnTKLL211\timer\timer.c
             timer3_value   0x0001dd       data     extern D:\Studying\HK211\CO3091_DoAnTKLL\DoAnTKLL211\timer\timer.c
                   v_cnt0   0x0001e3       data     extern D:\Studying\HK211\CO3091_DoAnTKLL\DoAnTKLL211\timer\timer.c
                   v_cnt1   0x0001e5       data     extern D:\Studying\HK211\CO3091_DoAnTKLL\DoAnTKLL211\timer\timer.c



                              Symbols - Sorted by Address
                     Name    Address   Location    Storage File                     
                ---------  ---------  ---------  --------- ---------                
                   _entry   0x000000    program     extern E:\3.46\pic18-lt\cxx-framework\src\traditional\startup\c018i.c
       ___return_lbl00000   0x000004    program     static                          
                   __init   0x000006    program     extern E:\3.46\pic18-lt\cxx-framework\src\traditional\stdclib\__init.c
      InterruptVectorHigh   0x000008    program     extern D:\Studying\HK211\CO3091_DoAnTKLL\DoAnTKLL211\interrupt\interrupt.c
       ___return_lbl00003   0x00000c    program     static                          
       InterruptVectorLow   0x000018    program     extern D:\Studying\HK211\CO3091_DoAnTKLL\DoAnTKLL211\interrupt\interrupt.c
       ___return_lbl00002   0x00001c    program     static                          
                     main   0x00005c    program     extern D:\Studying\HK211\CO3091_DoAnTKLL\DoAnTKLL211\main.c
                 delay_ms   0x000082    program     extern D:\Studying\HK211\CO3091_DoAnTKLL\DoAnTKLL211\main.c
              init_system   0x00010a    program     extern D:\Studying\HK211\CO3091_DoAnTKLL\DoAnTKLL211\main.c
               OpenOutput   0x000186    program     extern D:\Studying\HK211\CO3091_DoAnTKLL\DoAnTKLL211\main.c
              CloseOutput   0x0001d6    program     extern D:\Studying\HK211\CO3091_DoAnTKLL\DoAnTKLL211\main.c
            ReverseOutput   0x000226    program     extern D:\Studying\HK211\CO3091_DoAnTKLL\DoAnTKLL211\main.c
               TestOutput   0x0002a2    program     extern D:\Studying\HK211\CO3091_DoAnTKLL\DoAnTKLL211\main.c
                 CheckSTT   0x00031e    program     extern D:\Studying\HK211\CO3091_DoAnTKLL\DoAnTKLL211\main.c
         App_PasswordDoor   0x0003b4    program     extern D:\Studying\HK211\CO3091_DoAnTKLL\DoAnTKLL211\main.c
              __tmplbl_16   0x000c42    program     static                          
              __tmplbl_14   0x000dbe    program     static                          
              __tmplbl_13   0x000de6    program     static                          
              __tmplbl_32   0x000e0a    program     static                          
              __tmplbl_31   0x000e0a    program     static                          
              __tmplbl_30   0x000e0a    program     static                          
              __tmplbl_29   0x000e0a    program     static                          
              __tmplbl_15   0x000e0a    program     static                          
            CheckPassword   0x000e1e    program     extern D:\Studying\HK211\CO3091_DoAnTKLL\DoAnTKLL211\main.c
           isButtonNumber   0x000ea0    program     extern D:\Studying\HK211\CO3091_DoAnTKLL\DoAnTKLL211\main.c
         isButtonPressOne   0x000ef2    program     extern D:\Studying\HK211\CO3091_DoAnTKLL\DoAnTKLL211\main.c
         isButtonPressTwo   0x000f02    program     extern D:\Studying\HK211\CO3091_DoAnTKLL\DoAnTKLL211\main.c
             isButtonBack   0x000f12    program     extern D:\Studying\HK211\CO3091_DoAnTKLL\DoAnTKLL211\main.c
            isButtonEnter   0x000f22    program     extern D:\Studying\HK211\CO3091_DoAnTKLL\DoAnTKLL211\main.c
               reset_data   0x000f32    program     extern D:\Studying\HK211\CO3091_DoAnTKLL\DoAnTKLL211\main.c
               UnlockDoor   0x000f40    program     extern D:\Studying\HK211\CO3091_DoAnTKLL\DoAnTKLL211\main.c
                 LockDoor   0x000f50    program     extern D:\Studying\HK211\CO3091_DoAnTKLL\DoAnTKLL211\main.c
           Test_KeyMatrix   0x000f60    program     extern D:\Studying\HK211\CO3091_DoAnTKLL\DoAnTKLL211\main.c
                lcd_delay   0x00102c    program     extern D:\Studying\HK211\CO3091_DoAnTKLL\DoAnTKLL211\lcd\lcd.c
                 v_timer0   0x0010bc    program     extern D:\Studying\HK211\CO3091_DoAnTKLL\DoAnTKLL211\lcd\lcd.c
          lcd_sendCommand   0x00114c    program     extern D:\Studying\HK211\CO3091_DoAnTKLL\DoAnTKLL211\lcd\lcd.c
                 init_lcd   0x0011cc    program     extern D:\Studying\HK211\CO3091_DoAnTKLL\DoAnTKLL211\lcd\lcd.c
          lcd_read_status   0x0012da    program     extern D:\Studying\HK211\CO3091_DoAnTKLL\DoAnTKLL211\lcd\lcd.c
            lcd_wait_busy   0x001390    program     extern D:\Studying\HK211\CO3091_DoAnTKLL\DoAnTKLL211\lcd\lcd.c
          lcd_write_4bits   0x0013b0    program     extern D:\Studying\HK211\CO3091_DoAnTKLL\DoAnTKLL211\lcd\lcd.c
            lcd_write_cmd   0x0013f6    program     extern D:\Studying\HK211\CO3091_DoAnTKLL\DoAnTKLL211\lcd\lcd.c
           lcd_write_data   0x001432    program     extern D:\Studying\HK211\CO3091_DoAnTKLL\DoAnTKLL211\lcd\lcd.c
              lcd_putchar   0x001470    program     extern D:\Studying\HK211\CO3091_DoAnTKLL\DoAnTKLL211\lcd\lcd.c
           lcd_print_char   0x00148a    program     extern D:\Studying\HK211\CO3091_DoAnTKLL\DoAnTKLL211\lcd\lcd.c
            lcd_print_str   0x0014a4    program     extern D:\Studying\HK211\CO3091_DoAnTKLL\DoAnTKLL211\lcd\lcd.c
           lcd_set_cursor   0x0014e4    program     extern D:\Studying\HK211\CO3091_DoAnTKLL\DoAnTKLL211\lcd\lcd.c
                lcd_clear   0x00151e    program     extern D:\Studying\HK211\CO3091_DoAnTKLL\DoAnTKLL211\lcd\lcd.c
             lcd_power_of   0x001532    program     extern D:\Studying\HK211\CO3091_DoAnTKLL\DoAnTKLL211\lcd\lcd.c
            lcd_print_num   0x001614    program     extern D:\Studying\HK211\CO3091_DoAnTKLL\DoAnTKLL211\lcd\lcd.c
              LcdPrintNum   0x00184a    program     extern D:\Studying\HK211\CO3091_DoAnTKLL\DoAnTKLL211\lcd\lcd.c
           LcdPrintString   0x001892    program     extern D:\Studying\HK211\CO3091_DoAnTKLL\DoAnTKLL211\lcd\lcd.c
          lcd_print_charS   0x0018c6    program     extern D:\Studying\HK211\CO3091_DoAnTKLL\DoAnTKLL211\lcd\lcd.c
                LcdClearS   0x00190c    program     extern D:\Studying\HK211\CO3091_DoAnTKLL\DoAnTKLL211\lcd\lcd.c
         DisplayLcdScreen   0x00196a    program     extern D:\Studying\HK211\CO3091_DoAnTKLL\DoAnTKLL211\lcd\lcd.c
        DisplayLcdScreen2   0x001a62    program     extern D:\Studying\HK211\CO3091_DoAnTKLL\DoAnTKLL211\lcd\lcd.c
      DisplayLcdScreenOld   0x001ae8    program     extern D:\Studying\HK211\CO3091_DoAnTKLL\DoAnTKLL211\lcd\lcd.c
            LcdPrintCharS   0x001b52    program     extern D:\Studying\HK211\CO3091_DoAnTKLL\DoAnTKLL211\lcd\lcd.c
             LcdPrintNumS   0x001ba8    program     extern D:\Studying\HK211\CO3091_DoAnTKLL\DoAnTKLL211\lcd\lcd.c
          LcdPrintStringS   0x001df6    program     extern D:\Studying\HK211\CO3091_DoAnTKLL\DoAnTKLL211\lcd\lcd.c
              init_timer0   0x001e4c    program     extern D:\Studying\HK211\CO3091_DoAnTKLL\DoAnTKLL211\timer\timer.c
              stop_timer0   0x001f00    program     extern D:\Studying\HK211\CO3091_DoAnTKLL\DoAnTKLL211\timer\timer.c
             start_timer0   0x001f04    program     extern D:\Studying\HK211\CO3091_DoAnTKLL\DoAnTKLL211\timer\timer.c
              init_timer1   0x001f90    program     extern D:\Studying\HK211\CO3091_DoAnTKLL\DoAnTKLL211\timer\timer.c
             start_timer1   0x00204a    program     extern D:\Studying\HK211\CO3091_DoAnTKLL\DoAnTKLL211\timer\timer.c
              stop_timer1   0x0020d6    program     extern D:\Studying\HK211\CO3091_DoAnTKLL\DoAnTKLL211\timer\timer.c
              init_timer2   0x0020da    program     extern D:\Studying\HK211\CO3091_DoAnTKLL\DoAnTKLL211\timer\timer.c
             start_timer2   0x002106    program     extern D:\Studying\HK211\CO3091_DoAnTKLL\DoAnTKLL211\timer\timer.c
              stop_timer2   0x00210e    program     extern D:\Studying\HK211\CO3091_DoAnTKLL\DoAnTKLL211\timer\timer.c
              init_timer3   0x002112    program     extern D:\Studying\HK211\CO3091_DoAnTKLL\DoAnTKLL211\timer\timer.c
             start_timer3   0x0021c8    program     extern D:\Studying\HK211\CO3091_DoAnTKLL\DoAnTKLL211\timer\timer.c
              stop_timer3   0x002254    program     extern D:\Studying\HK211\CO3091_DoAnTKLL\DoAnTKLL211\timer\timer.c
               timer0_isr   0x002258    program     extern D:\Studying\HK211\CO3091_DoAnTKLL\DoAnTKLL211\timer\timer.c
               timer1_isr   0x002274    program     extern D:\Studying\HK211\CO3091_DoAnTKLL\DoAnTKLL211\timer\timer.c
               timer2_isr   0x002290    program     extern D:\Studying\HK211\CO3091_DoAnTKLL\DoAnTKLL211\timer\timer.c
               timer3_isr   0x0022ac    program     extern D:\Studying\HK211\CO3091_DoAnTKLL\DoAnTKLL211\timer\timer.c
             SetTimer0_ms   0x0022c8    program     extern D:\Studying\HK211\CO3091_DoAnTKLL\DoAnTKLL211\timer\timer.c
             SetTimer1_ms   0x0022ec    program     extern D:\Studying\HK211\CO3091_DoAnTKLL\DoAnTKLL211\timer\timer.c
             SetTimer3_ms   0x00232a    program     extern D:\Studying\HK211\CO3091_DoAnTKLL\DoAnTKLL211\timer\timer.c
          init_key_matrix   0x002368    program     extern D:\Studying\HK211\CO3091_DoAnTKLL\DoAnTKLL211\button_matrix\button.c
          scan_key_matrix   0x002370    program     extern D:\Studying\HK211\CO3091_DoAnTKLL\DoAnTKLL211\button_matrix\button.c
          button_delay_ms   0x0024ce    program     extern D:\Studying\HK211\CO3091_DoAnTKLL\DoAnTKLL211\button_matrix\button.c
     scan_key_matrix_demo   0x002556    program     extern D:\Studying\HK211\CO3091_DoAnTKLL\DoAnTKLL211\button_matrix\button.c
           init_interrupt   0x00267c    program     extern D:\Studying\HK211\CO3091_DoAnTKLL\DoAnTKLL211\interrupt\interrupt.c
            init_ext_int0   0x002684    program     extern D:\Studying\HK211\CO3091_DoAnTKLL\DoAnTKLL211\interrupt\interrupt.c
                  low_isr   0x00268c    program     extern D:\Studying\HK211\CO3091_DoAnTKLL\DoAnTKLL211\interrupt\interrupt.c
                 high_isr   0x002770    program     extern D:\Studying\HK211\CO3091_DoAnTKLL\DoAnTKLL211\interrupt\interrupt.c
              __string_21   0x002840    program     static D:\Studying\HK211\CO3091_DoAnTKLL\DoAnTKLL211\main.c
              __string_20   0x002851    program     static D:\Studying\HK211\CO3091_DoAnTKLL\DoAnTKLL211\main.c
              __string_19   0x002862    program     static D:\Studying\HK211\CO3091_DoAnTKLL\DoAnTKLL211\main.c
              __string_18   0x00286d    program     static D:\Studying\HK211\CO3091_DoAnTKLL\DoAnTKLL211\main.c
              __string_17   0x002877    program     static D:\Studying\HK211\CO3091_DoAnTKLL\DoAnTKLL211\main.c
              __string_16   0x002885    program     static D:\Studying\HK211\CO3091_DoAnTKLL\DoAnTKLL211\main.c
              __string_15   0x002894    program     static D:\Studying\HK211\CO3091_DoAnTKLL\DoAnTKLL211\main.c
              __string_14   0x0028a1    program     static D:\Studying\HK211\CO3091_DoAnTKLL\DoAnTKLL211\main.c
              __string_13   0x0028ae    program     static D:\Studying\HK211\CO3091_DoAnTKLL\DoAnTKLL211\main.c
              __string_12   0x0028b8    program     static D:\Studying\HK211\CO3091_DoAnTKLL\DoAnTKLL211\main.c
              __string_11   0x0028c5    program     static D:\Studying\HK211\CO3091_DoAnTKLL\DoAnTKLL211\main.c
              __string_10   0x0028d1    program     static D:\Studying\HK211\CO3091_DoAnTKLL\DoAnTKLL211\main.c
               __string_9   0x0028db    program     static D:\Studying\HK211\CO3091_DoAnTKLL\DoAnTKLL211\main.c
               __string_8   0x0028ea    program     static D:\Studying\HK211\CO3091_DoAnTKLL\DoAnTKLL211\main.c
               __string_7   0x0028f6    program     static D:\Studying\HK211\CO3091_DoAnTKLL\DoAnTKLL211\main.c
               __string_6   0x002902    program     static D:\Studying\HK211\CO3091_DoAnTKLL\DoAnTKLL211\main.c
               __string_5   0x002904    program     static D:\Studying\HK211\CO3091_DoAnTKLL\DoAnTKLL211\main.c
               __string_4   0x002906    program     static D:\Studying\HK211\CO3091_DoAnTKLL\DoAnTKLL211\main.c
               __string_3   0x002908    program     static D:\Studying\HK211\CO3091_DoAnTKLL\DoAnTKLL211\main.c
               __string_2   0x002912    program     static D:\Studying\HK211\CO3091_DoAnTKLL\DoAnTKLL211\main.c
               __string_1   0x00291d    program     static D:\Studying\HK211\CO3091_DoAnTKLL\DoAnTKLL211\main.c
               __string_0   0x002926    program     static D:\Studying\HK211\CO3091_DoAnTKLL\DoAnTKLL211\main.c
                 FXD1616S   0x002932    program     extern E:\3.46\pic18-lt\cxx-framework\src\traditional\math\fxd1616s.asm
                  DA1616S   0x002944    program     static E:\3.46\pic18-lt\cxx-framework\src\traditional\math\fxd1616s.asm
                   D1616S   0x002954    program     static E:\3.46\pic18-lt\cxx-framework\src\traditional\math\fxd1616s.asm
                 D1616SOK   0x00295e    program     static E:\3.46\pic18-lt\cxx-framework\src\traditional\math\fxd1616s.asm
                D1616SNEG   0x002962    program     static E:\3.46\pic18-lt\cxx-framework\src\traditional\math\fxd1616s.asm
                  D1616SX   0x002974    program     static E:\3.46\pic18-lt\cxx-framework\src\traditional\math\fxd1616s.asm
                 FXD2424S   0x00297e    program     extern E:\3.46\pic18-lt\cxx-framework\src\traditional\math\fxd2424s.asm
                  DA2424S   0x002994    program     static E:\3.46\pic18-lt\cxx-framework\src\traditional\math\fxd2424s.asm
                   D2424S   0x0029a8    program     static E:\3.46\pic18-lt\cxx-framework\src\traditional\math\fxd2424s.asm
                 D2424SOK   0x0029b2    program     static E:\3.46\pic18-lt\cxx-framework\src\traditional\math\fxd2424s.asm
                D2424SNEG   0x0029b6    program     static E:\3.46\pic18-lt\cxx-framework\src\traditional\math\fxd2424s.asm
                  D2424SX   0x0029ce    program     static E:\3.46\pic18-lt\cxx-framework\src\traditional\math\fxd2424s.asm
                _do_cinit   0x0029d8    program     extern E:\3.46\pic18-lt\cxx-framework\src\traditional\startup\c018i.c
                     test   0x0029f2    program     static                          
                copy_loop   0x002a4a    program     static                          
            copy_one_byte   0x002a50    program     static                          
             done_copying   0x002a5e    program     static                          
       ___return_lbl00002   0x002a74    program     static                          
                     done   0x002a74    program     static                          
                  memmove   0x002a76    program     extern E:\3.46\pic18-lt\cxx-framework\src\traditional\stdclib\memmove.asm
                    jLoop   0x002aa8    program     static E:\3.46\pic18-lt\cxx-framework\src\traditional\stdclib\memmove.asm
              _4jContinue   0x002ab4    program     static E:\3.46\pic18-lt\cxx-framework\src\traditional\stdclib\memmove.asm
                   _5jEnd   0x002abe    program     static E:\3.46\pic18-lt\cxx-framework\src\traditional\stdclib\memmove.asm
                 jReverse   0x002ac4    program     static E:\3.46\pic18-lt\cxx-framework\src\traditional\stdclib\memmove.asm
              jRevCpyLoop   0x002ae0    program     static E:\3.46\pic18-lt\cxx-framework\src\traditional\stdclib\memmove.asm
              _6jContinue   0x002aec    program     static E:\3.46\pic18-lt\cxx-framework\src\traditional\stdclib\memmove.asm
                   _7jEnd   0x002af6    program     static E:\3.46\pic18-lt\cxx-framework\src\traditional\stdclib\memmove.asm
                     jEnd   0x002afc    program     static E:\3.46\pic18-lt\cxx-framework\src\traditional\stdclib\memmove.asm
                  FXM3232   0x002b0e    program     extern E:\3.46\pic18-lt\cxx-framework\src\traditional\math\fxm3232.c
       ___return_lbl00000   0x002b7c    program     static                          
                 FXD3232U   0x002b7e    program     extern E:\3.46\pic18-lt\cxx-framework\src\traditional\math\fxd3232u.c
                     loop   0x002b8c    program     static                          
                   _false   0x002bc0    program     static                          
       ___return_lbl00000   0x002bc4    program     static                          
                 FXD2424U   0x002bc6    program     extern E:\3.46\pic18-lt\cxx-framework\src\traditional\math\fxd2424u.c
                     loop   0x002bd2    program     static                          
                   _false   0x002bfa    program     static                          
       ___return_lbl00000   0x002bfe    program     static                          
                 FXD1616U   0x002c00    program     extern E:\3.46\pic18-lt\cxx-framework\src\traditional\math\fxd1616u.c
                     loop   0x002c0a    program     static                          
                  endloop   0x002c26    program     static                          
       ___return_lbl00000   0x002c2a    program     static                          
            __zero_memory   0x002c2c    program     extern E:\3.46\pic18-lt\cxx-framework\src\traditional\proc\p18f4620.asm
               zero_block   0x002c3a    program     static E:\3.46\pic18-lt\cxx-framework\src\traditional\proc\p18f4620.asm
                   loop_h   0x002c3a    program     static E:\3.46\pic18-lt\cxx-framework\src\traditional\proc\p18f4620.asm
                compare_l   0x002c42    program     static E:\3.46\pic18-lt\cxx-framework\src\traditional\proc\p18f4620.asm
                   loop_l   0x002c44    program     static E:\3.46\pic18-lt\cxx-framework\src\traditional\proc\p18f4620.asm
                 _startup   0x002c4c    program     extern E:\3.46\pic18-lt\cxx-framework\src\traditional\startup\c018i.c
                     loop   0x002c5c    program     static                          
       ___return_lbl00001   0x002c66    program     static                          
               __config_0   0x300001    program     static D:\Studying\HK211\CO3091_DoAnTKLL\DoAnTKLL211\main.c
               __config_1   0x300002    program     static D:\Studying\HK211\CO3091_DoAnTKLL\DoAnTKLL211\main.c
               __config_2   0x300003    program     static D:\Studying\HK211\CO3091_DoAnTKLL\DoAnTKLL211\main.c
               __config_3   0x300005    program     static D:\Studying\HK211\CO3091_DoAnTKLL\DoAnTKLL211\main.c
               __config_4   0x300006    program     static D:\Studying\HK211\CO3091_DoAnTKLL\DoAnTKLL211\main.c
               __config_5   0x300008    program     static D:\Studying\HK211\CO3091_DoAnTKLL\DoAnTKLL211\main.c
               __config_6   0x300009    program     static D:\Studying\HK211\CO3091_DoAnTKLL\DoAnTKLL211\main.c
               __config_7   0x30000a    program     static D:\Studying\HK211\CO3091_DoAnTKLL\DoAnTKLL211\main.c
               __config_8   0x30000b    program     static D:\Studying\HK211\CO3091_DoAnTKLL\DoAnTKLL211\main.c
               __config_9   0x30000c    program     static D:\Studying\HK211\CO3091_DoAnTKLL\DoAnTKLL211\main.c
              __config_10   0x30000d    program     static D:\Studying\HK211\CO3091_DoAnTKLL\DoAnTKLL211\main.c
                     SIGN   0x000000       data     extern E:\3.46\pic18-lt\cxx-framework\src\traditional\math\cmath18.asm
                __FPFLAGS   0x000001       data     extern E:\3.46\pic18-lt\cxx-framework\src\traditional\math\cmath18.asm
            __FPFLAGSbits   0x000001       data     extern E:\3.46\pic18-lt\cxx-framework\src\traditional\math\cmath18.asm
                 __AARGB7   0x000002       data     extern E:\3.46\pic18-lt\cxx-framework\src\traditional\math\aarg.asm
                  __REMB3   0x000002       data     extern E:\3.46\pic18-lt\cxx-framework\src\traditional\math\aarg.asm
                 __AARGB6   0x000003       data     extern E:\3.46\pic18-lt\cxx-framework\src\traditional\math\aarg.asm
                  __REMB2   0x000003       data     extern E:\3.46\pic18-lt\cxx-framework\src\traditional\math\aarg.asm
                 __AARGB5   0x000004       data     extern E:\3.46\pic18-lt\cxx-framework\src\traditional\math\aarg.asm
                  __REMB1   0x000004       data     extern E:\3.46\pic18-lt\cxx-framework\src\traditional\math\aarg.asm
                 __AARGB4   0x000005       data     extern E:\3.46\pic18-lt\cxx-framework\src\traditional\math\aarg.asm
                  __REMB0   0x000005       data     extern E:\3.46\pic18-lt\cxx-framework\src\traditional\math\aarg.asm
                 __AARGB3   0x000006       data     extern E:\3.46\pic18-lt\cxx-framework\src\traditional\math\aarg.asm
                 __AARGB2   0x000007       data     extern E:\3.46\pic18-lt\cxx-framework\src\traditional\math\aarg.asm
                 __AARGB1   0x000008       data     extern E:\3.46\pic18-lt\cxx-framework\src\traditional\math\aarg.asm
                 __AARGB0   0x000009       data     extern E:\3.46\pic18-lt\cxx-framework\src\traditional\math\aarg.asm
                   __AEXP   0x00000a       data     extern E:\3.46\pic18-lt\cxx-framework\src\traditional\math\aarg.asm
                 __BARGB3   0x00000b       data     extern E:\3.46\pic18-lt\cxx-framework\src\traditional\math\barg.asm
                 __BARGB2   0x00000c       data     extern E:\3.46\pic18-lt\cxx-framework\src\traditional\math\barg.asm
                 __BARGB1   0x00000d       data     extern E:\3.46\pic18-lt\cxx-framework\src\traditional\math\barg.asm
                 __BARGB0   0x00000e       data     extern E:\3.46\pic18-lt\cxx-framework\src\traditional\math\barg.asm
                   __BEXP   0x00000f       data     extern E:\3.46\pic18-lt\cxx-framework\src\traditional\math\barg.asm
                  __tmp_0   0x000010       data     static D:\Studying\HK211\CO3091_DoAnTKLL\DoAnTKLL211\main.c
                  __tmp_0   0x000010       data     static D:\Studying\HK211\CO3091_DoAnTKLL\DoAnTKLL211\button_matrix\button.c
                  __tmp_0   0x000010       data     static D:\Studying\HK211\CO3091_DoAnTKLL\DoAnTKLL211\lcd\lcd.c
                  __tmp_0   0x000010       data     static D:\Studying\HK211\CO3091_DoAnTKLL\DoAnTKLL211\timer\timer.c
                 UserFont   0x000080       data     extern D:\Studying\HK211\CO3091_DoAnTKLL\DoAnTKLL211\lcd\lcd.c
                statusLCD   0x0000c0       data     extern D:\Studying\HK211\CO3091_DoAnTKLL\DoAnTKLL211\lcd\lcd.c
[...]
                    TRISB   0x000f93       data     extern E:\3.46\pic18-lt\cxx-framework\src\traditional\proc\p18f4620.asm
                 DDRBbits   0x000f93       data     extern E:\3.46\pic18-lt\cxx-framework\src\traditional\proc\p18f4620.asm
                     DDRB   0x000f93       data     extern E:\3.46\pic18-lt\cxx-framework\src\traditional\proc\p18f4620.asm
                TRISCbits   0x000f94       data     extern E:\3.46\pic18-lt\cxx-framework\src\traditional\proc\p18f4620.asm
                    TRISC   0x000f94       data     extern E:\3.46\pic18-lt\cxx-framework\src\traditional\proc\p18f4620.asm
                     DDRC   0x000f94       data     extern E:\3.46\pic18-lt\cxx-framework\src\traditional\proc\p18f4620.asm
                 DDRCbits   0x000f94       data     extern E:\3.46\pic18-lt\cxx-framework\src\traditional\proc\p18f4620.asm
                     DDRD   0x000f95       data     extern E:\3.46\pic18-lt\cxx-framework\src\traditional\proc\p18f4620.asm
                 DDRDbits   0x000f95       data     extern E:\3.46\pic18-lt\cxx-framework\src\traditional\proc\p18f4620.asm
                    TRISD   0x000f95       data     extern E:\3.46\pic18-lt\cxx-framework\src\traditional\proc\p18f4620.asm
                TRISDbits   0x000f95       data     extern E:\3.46\pic18-lt\cxx-framework\src\traditional\proc\p18f4620.asm
                    TRISE   0x000f96       data     extern E:\3.46\pic18-lt\cxx-framework\src\traditional\proc\p18f4620.asm
                TRISEbits   0x000f96       data     extern E:\3.46\pic18-lt\cxx-framework\src\traditional\proc\p18f4620.asm
                 DDREbits   0x000f96       data     extern E:\3.46\pic18-lt\cxx-framework\src\traditional\proc\p18f4620.asm
                     DDRE   0x000f96       data     extern E:\3.46\pic18-lt\cxx-framework\src\traditional\proc\p18f4620.asm
              OSCTUNEbits   0x000f9b       data     extern E:\3.46\pic18-lt\cxx-framework\src\traditional\proc\p18f4620.asm
                  OSCTUNE   0x000f9b       data     extern E:\3.46\pic18-lt\cxx-framework\src\traditional\proc\p18f4620.asm
                     PIE1   0x000f9d       data     extern E:\3.46\pic18-lt\cxx-framework\src\traditional\proc\p18f4620.asm
                 PIE1bits   0x000f9d       data     extern E:\3.46\pic18-lt\cxx-framework\src\traditional\proc\p18f4620.asm
                 PIR1bits   0x000f9e       data     extern E:\3.46\pic18-lt\cxx-framework\src\traditional\proc\p18f4620.asm
                     PIR1   0x000f9e       data     extern E:\3.46\pic18-lt\cxx-framework\src\traditional\proc\p18f4620.asm
                 IPR1bits   0x000f9f       data     extern E:\3.46\pic18-lt\cxx-framework\src\traditional\proc\p18f4620.asm
                     IPR1   0x000f9f       data     extern E:\3.46\pic18-lt\cxx-framework\src\traditional\proc\p18f4620.asm
                     PIE2   0x000fa0       data     extern E:\3.46\pic18-lt\cxx-framework\src\traditional\proc\p18f4620.asm
                 PIE2bits   0x000fa0       data     extern E:\3.46\pic18-lt\cxx-framework\src\traditional\proc\p18f4620.asm
                     PIR2   0x000fa1       data     extern E:\3.46\pic18-lt\cxx-framework\src\traditional\proc\p18f4620.asm
                 PIR2bits   0x000fa1       data     extern E:\3.46\pic18-lt\cxx-framework\src\traditional\proc\p18f4620.asm
                     IPR2   0x000fa2       data     extern E:\3.46\pic18-lt\cxx-framework\src\traditional\proc\p18f4620.asm
                 IPR2bits   0x000fa2       data     extern E:\3.46\pic18-lt\cxx-framework\src\traditional\proc\p18f4620.asm
               EECON1bits   0x000fa6       data     extern E:\3.46\pic18-lt\cxx-framework\src\traditional\proc\p18f4620.asm
                   EECON1   0x000fa6       data     extern E:\3.46\pic18-lt\cxx-framework\src\traditional\proc\p18f4620.asm
                   EECON2   0x000fa7       data     extern E:\3.46\pic18-lt\cxx-framework\src\traditional\proc\p18f4620.asm
                   EEDATA   0x000fa8       data     extern E:\3.46\pic18-lt\cxx-framework\src\traditional\proc\p18f4620.asm
                    EEADR   0x000fa9       data     extern E:\3.46\pic18-lt\cxx-framework\src\traditional\proc\p18f4620.asm
                   EEADRH   0x000faa       data     extern E:\3.46\pic18-lt\cxx-framework\src\traditional\proc\p18f4620.asm
                RCSTAbits   0x000fab       data     extern E:\3.46\pic18-lt\cxx-framework\src\traditional\proc\p18f4620.asm
                    RCSTA   0x000fab       data     extern E:\3.46\pic18-lt\cxx-framework\src\traditional\proc\p18f4620.asm
                    TXSTA   0x000fac       data     extern E:\3.46\pic18-lt\cxx-framework\src\traditional\proc\p18f4620.asm
                TXSTAbits   0x000fac       data     extern E:\3.46\pic18-lt\cxx-framework\src\traditional\proc\p18f4620.asm
                    TXREG   0x000fad       data     extern E:\3.46\pic18-lt\cxx-framework\src\traditional\proc\p18f4620.asm
                    RCREG   0x000fae       data     extern E:\3.46\pic18-lt\cxx-framework\src\traditional\proc\p18f4620.asm
                    SPBRG   0x000faf       data     extern E:\3.46\pic18-lt\cxx-framework\src\traditional\proc\p18f4620.asm
                   SPBRGH   0x000fb0       data     extern E:\3.46\pic18-lt\cxx-framework\src\traditional\proc\p18f4620.asm
                T3CONbits   0x000fb1       data     extern E:\3.46\pic18-lt\cxx-framework\src\traditional\proc\p18f4620.asm
                    T3CON   0x000fb1       data     extern E:\3.46\pic18-lt\cxx-framework\src\traditional\proc\p18f4620.asm
                    TMR3L   0x000fb2       data     extern E:\3.46\pic18-lt\cxx-framework\src\traditional\proc\p18f4620.asm
                    TMR3H   0x000fb3       data     extern E:\3.46\pic18-lt\cxx-framework\src\traditional\proc\p18f4620.asm
                    CMCON   0x000fb4       data     extern E:\3.46\pic18-lt\cxx-framework\src\traditional\proc\p18f4620.asm
                CMCONbits   0x000fb4       data     extern E:\3.46\pic18-lt\cxx-framework\src\traditional\proc\p18f4620.asm
               CVRCONbits   0x000fb5       data     extern E:\3.46\pic18-lt\cxx-framework\src\traditional\proc\p18f4620.asm
                   CVRCON   0x000fb5       data     extern E:\3.46\pic18-lt\cxx-framework\src\traditional\proc\p18f4620.asm
              ECCP1ASbits   0x000fb6       data     extern E:\3.46\pic18-lt\cxx-framework\src\traditional\proc\p18f4620.asm
                  ECCP1AS   0x000fb6       data     extern E:\3.46\pic18-lt\cxx-framework\src\traditional\proc\p18f4620.asm
                  PWM1CON   0x000fb7       data     extern E:\3.46\pic18-lt\cxx-framework\src\traditional\proc\p18f4620.asm
              PWM1CONbits   0x000fb7       data     extern E:\3.46\pic18-lt\cxx-framework\src\traditional\proc\p18f4620.asm
                  BAUDCTL   0x000fb8       data     extern E:\3.46\pic18-lt\cxx-framework\src\traditional\proc\p18f4620.asm
              BAUDCTLbits   0x000fb8       data     extern E:\3.46\pic18-lt\cxx-framework\src\traditional\proc\p18f4620.asm
              BAUDCONbits   0x000fb8       data     extern E:\3.46\pic18-lt\cxx-framework\src\traditional\proc\p18f4620.asm
                  BAUDCON   0x000fb8       data     extern E:\3.46\pic18-lt\cxx-framework\src\traditional\proc\p18f4620.asm
              CCP2CONbits   0x000fba       data     extern E:\3.46\pic18-lt\cxx-framework\src\traditional\proc\p18f4620.asm
                  CCP2CON   0x000fba       data     extern E:\3.46\pic18-lt\cxx-framework\src\traditional\proc\p18f4620.asm
                    CCPR2   0x000fbb       data     extern E:\3.46\pic18-lt\cxx-framework\src\traditional\proc\p18f4620.asm
                   CCPR2L   0x000fbb       data     extern E:\3.46\pic18-lt\cxx-framework\src\traditional\proc\p18f4620.asm
                   CCPR2H   0x000fbc       data     extern E:\3.46\pic18-lt\cxx-framework\src\traditional\proc\p18f4620.asm
              CCP1CONbits   0x000fbd       data     extern E:\3.46\pic18-lt\cxx-framework\src\traditional\proc\p18f4620.asm
                  CCP1CON   0x000fbd       data     extern E:\3.46\pic18-lt\cxx-framework\src\traditional\proc\p18f4620.asm
                    CCPR1   0x000fbe       data     extern E:\3.46\pic18-lt\cxx-framework\src\traditional\proc\p18f4620.asm
                   CCPR1L   0x000fbe       data     extern E:\3.46\pic18-lt\cxx-framework\src\traditional\proc\p18f4620.asm
                   CCPR1H   0x000fbf       data     extern E:\3.46\pic18-lt\cxx-framework\src\traditional\proc\p18f4620.asm
               ADCON2bits   0x000fc0       data     extern E:\3.46\pic18-lt\cxx-framework\src\traditional\proc\p18f4620.asm
                   ADCON2   0x000fc0       data     extern E:\3.46\pic18-lt\cxx-framework\src\traditional\proc\p18f4620.asm
                   ADCON1   0x000fc1       data     extern E:\3.46\pic18-lt\cxx-framework\src\traditional\proc\p18f4620.asm
               ADCON1bits   0x000fc1       data     extern E:\3.46\pic18-lt\cxx-framework\src\traditional\proc\p18f4620.asm
                   ADCON0   0x000fc2       data     extern E:\3.46\pic18-lt\cxx-framework\src\traditional\proc\p18f4620.asm
               ADCON0bits   0x000fc2       data     extern E:\3.46\pic18-lt\cxx-framework\src\traditional\proc\p18f4620.asm
                    ADRES   0x000fc3       data     extern E:\3.46\pic18-lt\cxx-framework\src\traditional\proc\p18f4620.asm
                   ADRESL   0x000fc3       data     extern E:\3.46\pic18-lt\cxx-framework\src\traditional\proc\p18f4620.asm
                   ADRESH   0x000fc4       data     extern E:\3.46\pic18-lt\cxx-framework\src\traditional\proc\p18f4620.asm
              SSPCON2bits   0x000fc5       data     extern E:\3.46\pic18-lt\cxx-framework\src\traditional\proc\p18f4620.asm
                  SSPCON2   0x000fc5       data     extern E:\3.46\pic18-lt\cxx-framework\src\traditional\proc\p18f4620.asm
              SSPCON1bits   0x000fc6       data     extern E:\3.46\pic18-lt\cxx-framework\src\traditional\proc\p18f4620.asm
                  SSPCON1   0x000fc6       data     extern E:\3.46\pic18-lt\cxx-framework\src\traditional\proc\p18f4620.asm
                  SSPSTAT   0x000fc7       data     extern E:\3.46\pic18-lt\cxx-framework\src\traditional\proc\p18f4620.asm
              SSPSTATbits   0x000fc7       data     extern E:\3.46\pic18-lt\cxx-framework\src\traditional\proc\p18f4620.asm
                   SSPADD   0x000fc8       data     extern E:\3.46\pic18-lt\cxx-framework\src\traditional\proc\p18f4620.asm
                   SSPBUF   0x000fc9       data     extern E:\3.46\pic18-lt\cxx-framework\src\traditional\proc\p18f4620.asm
                    T2CON   0x000fca       data     extern E:\3.46\pic18-lt\cxx-framework\src\traditional\proc\p18f4620.asm
                T2CONbits   0x000fca       data     extern E:\3.46\pic18-lt\cxx-framework\src\traditional\proc\p18f4620.asm
                      PR2   0x000fcb       data     extern E:\3.46\pic18-lt\cxx-framework\src\traditional\proc\p18f4620.asm
                     TMR2   0x000fcc       data     extern E:\3.46\pic18-lt\cxx-framework\src\traditional\proc\p18f4620.asm
                    T1CON   0x000fcd       data     extern E:\3.46\pic18-lt\cxx-framework\src\traditional\proc\p18f4620.asm
                T1CONbits   0x000fcd       data     extern E:\3.46\pic18-lt\cxx-framework\src\traditional\proc\p18f4620.asm
                    TMR1L   0x000fce       data     extern E:\3.46\pic18-lt\cxx-framework\src\traditional\proc\p18f4620.asm
                    TMR1H   0x000fcf       data     extern E:\3.46\pic18-lt\cxx-framework\src\traditional\proc\p18f4620.asm
                     RCON   0x000fd0       data     extern E:\3.46\pic18-lt\cxx-framework\src\traditional\proc\p18f4620.asm
                 RCONbits   0x000fd0       data     extern E:\3.46\pic18-lt\cxx-framework\src\traditional\proc\p18f4620.asm
               WDTCONbits   0x000fd1       data     extern E:\3.46\pic18-lt\cxx-framework\src\traditional\proc\p18f4620.asm
                   WDTCON   0x000fd1       data     extern E:\3.46\pic18-lt\cxx-framework\src\traditional\proc\p18f4620.asm
              HLVDCONbits   0x000fd2       data     extern E:\3.46\pic18-lt\cxx-framework\src\traditional\proc\p18f4620.asm
                  HLVDCON   0x000fd2       data     extern E:\3.46\pic18-lt\cxx-framework\src\traditional\proc\p18f4620.asm
                   LVDCON   0x000fd2       data     extern E:\3.46\pic18-lt\cxx-framework\src\traditional\proc\p18f4620.asm
               LVDCONbits   0x000fd2       data     extern E:\3.46\pic18-lt\cxx-framework\src\traditional\proc\p18f4620.asm
                   OSCCON   0x000fd3       data     extern E:\3.46\pic18-lt\cxx-framework\src\traditional\proc\p18f4620.asm
               OSCCONbits   0x000fd3       data     extern E:\3.46\pic18-lt\cxx-framework\src\traditional\proc\p18f4620.asm
                T0CONbits   0x000fd5       data     extern E:\3.46\pic18-lt\cxx-framework\src\traditional\proc\p18f4620.asm
                    T0CON   0x000fd5       data     extern E:\3.46\pic18-lt\cxx-framework\src\traditional\proc\p18f4620.asm
                    TMR0L   0x000fd6       data     extern E:\3.46\pic18-lt\cxx-framework\src\traditional\proc\p18f4620.asm
                    TMR0H   0x000fd7       data     extern E:\3.46\pic18-lt\cxx-framework\src\traditional\proc\p18f4620.asm
                   STATUS   0x000fd8       data     extern E:\3.46\pic18-lt\cxx-framework\src\traditional\proc\p18f4620.asm
               STATUSbits   0x000fd8       data     extern E:\3.46\pic18-lt\cxx-framework\src\traditional\proc\p18f4620.asm
                     FSR2   0x000fd9       data     extern E:\3.46\pic18-lt\cxx-framework\src\traditional\proc\p18f4620.asm
                    FSR2L   0x000fd9       data     extern E:\3.46\pic18-lt\cxx-framework\src\traditional\proc\p18f4620.asm
                    FSR2H   0x000fda       data     extern E:\3.46\pic18-lt\cxx-framework\src\traditional\proc\p18f4620.asm
                   PLUSW2   0x000fdb       data     extern E:\3.46\pic18-lt\cxx-framework\src\traditional\proc\p18f4620.asm
                  PREINC2   0x000fdc       data     extern E:\3.46\pic18-lt\cxx-framework\src\traditional\proc\p18f4620.asm
                 POSTDEC2   0x000fdd       data     extern E:\3.46\pic18-lt\cxx-framework\src\traditional\proc\p18f4620.asm
                 POSTINC2   0x000fde       data     extern E:\3.46\pic18-lt\cxx-framework\src\traditional\proc\p18f4620.asm
                    INDF2   0x000fdf       data     extern E:\3.46\pic18-lt\cxx-framework\src\traditional\proc\p18f4620.asm
                      BSR   0x000fe0       data     extern E:\3.46\pic18-lt\cxx-framework\src\traditional\proc\p18f4620.asm
                    FSR1L   0x000fe1       data     extern E:\3.46\pic18-lt\cxx-framework\src\traditional\proc\p18f4620.asm
                     FSR1   0x000fe1       data     extern E:\3.46\pic18-lt\cxx-framework\src\traditional\proc\p18f4620.asm
                    FSR1H   0x000fe2       data     extern E:\3.46\pic18-lt\cxx-framework\src\traditional\proc\p18f4620.asm
                   PLUSW1   0x000fe3       data     extern E:\3.46\pic18-lt\cxx-framework\src\traditional\proc\p18f4620.asm
                  PREINC1   0x000fe4       data     extern E:\3.46\pic18-lt\cxx-framework\src\traditional\proc\p18f4620.asm
                 POSTDEC1   0x000fe5       data     extern E:\3.46\pic18-lt\cxx-framework\src\traditional\proc\p18f4620.asm
                 POSTINC1   0x000fe6       data     extern E:\3.46\pic18-lt\cxx-framework\src\traditional\proc\p18f4620.asm
                    INDF1   0x000fe7       data     extern E:\3.46\pic18-lt\cxx-framework\src\traditional\proc\p18f4620.asm
                        W   0x000fe8       data     extern E:\3.46\pic18-lt\cxx-framework\src\traditional\proc\p18f4620.asm
                     WREG   0x000fe8       data     extern E:\3.46\pic18-lt\cxx-framework\src\traditional\proc\p18f4620.asm
                     FSR0   0x000fe9       data     extern E:\3.46\pic18-lt\cxx-framework\src\traditional\proc\p18f4620.asm
                    FSR0L   0x000fe9       data     extern E:\3.46\pic18-lt\cxx-framework\src\traditional\proc\p18f4620.asm
                    FSR0H   0x000fea       data     extern E:\3.46\pic18-lt\cxx-framework\src\traditional\proc\p18f4620.asm
                   PLUSW0   0x000feb       data     extern E:\3.46\pic18-lt\cxx-framework\src\traditional\proc\p18f4620.asm
                  PREINC0   0x000fec       data     extern E:\3.46\pic18-lt\cxx-framework\src\traditional\proc\p18f4620.asm
                 POSTDEC0   0x000fed       data     extern E:\3.46\pic18-lt\cxx-framework\src\traditional\proc\p18f4620.asm
                 POSTINC0   0x000fee       data     extern E:\3.46\pic18-lt\cxx-framework\src\traditional\proc\p18f4620.asm
                    INDF0   0x000fef       data     extern E:\3.46\pic18-lt\cxx-framework\src\traditional\proc\p18f4620.asm
              INTCON3bits   0x000ff0       data     extern E:\3.46\pic18-lt\cxx-framework\src\traditional\proc\p18f4620.asm
                  INTCON3   0x000ff0       data     extern E:\3.46\pic18-lt\cxx-framework\src\traditional\proc\p18f4620.asm
              INTCON2bits   0x000ff1       data     extern E:\3.46\pic18-lt\cxx-framework\src\traditional\proc\p18f4620.asm
                  INTCON2   0x000ff1       data     extern E:\3.46\pic18-lt\cxx-framework\src\traditional\proc\p18f4620.asm
                   INTCON   0x000ff2       data     extern E:\3.46\pic18-lt\cxx-framework\src\traditional\proc\p18f4620.asm
               INTCONbits   0x000ff2       data     extern E:\3.46\pic18-lt\cxx-framework\src\traditional\proc\p18f4620.asm
                    PRODL   0x000ff3       data     extern E:\3.46\pic18-lt\cxx-framework\src\traditional\proc\p18f4620.asm
                     PROD   0x000ff3       data     extern E:\3.46\pic18-lt\cxx-framework\src\traditional\proc\p18f4620.asm
                    PRODH   0x000ff4       data     extern E:\3.46\pic18-lt\cxx-framework\src\traditional\proc\p18f4620.asm
                   TABLAT   0x000ff5       data     extern E:\3.46\pic18-lt\cxx-framework\src\traditional\proc\p18f4620.asm
                  TBLPTRL   0x000ff6       data     extern E:\3.46\pic18-lt\cxx-framework\src\traditional\proc\p18f4620.asm
                   TBLPTR   0x000ff6       data     extern E:\3.46\pic18-lt\cxx-framework\src\traditional\proc\p18f4620.asm
                  TBLPTRH   0x000ff7       data     extern E:\3.46\pic18-lt\cxx-framework\src\traditional\proc\p18f4620.asm
                  TBLPTRU   0x000ff8       data     extern E:\3.46\pic18-lt\cxx-framework\src\traditional\proc\p18f4620.asm
                       PC   0x000ff9       data     extern E:\3.46\pic18-lt\cxx-framework\src\traditional\proc\p18f4620.asm
                      PCL   0x000ff9       data     extern E:\3.46\pic18-lt\cxx-framework\src\traditional\proc\p18f4620.asm
                   PCLATH   0x000ffa       data     extern E:\3.46\pic18-lt\cxx-framework\src\traditional\proc\p18f4620.asm
                   PCLATU   0x000ffb       data     extern E:\3.46\pic18-lt\cxx-framework\src\traditional\proc\p18f4620.asm
               STKPTRbits   0x000ffc       data     extern E:\3.46\pic18-lt\cxx-framework\src\traditional\proc\p18f4620.asm
                   STKPTR   0x000ffc       data     extern E:\3.46\pic18-lt\cxx-framework\src\traditional\proc\p18f4620.asm
                      TOS   0x000ffd       data     extern E:\3.46\pic18-lt\cxx-framework\src\traditional\proc\p18f4620.asm
                     TOSL   0x000ffd       data     extern E:\3.46\pic18-lt\cxx-framework\src\traditional\proc\p18f4620.asm
                     TOSH   0x000ffe       data     extern E:\3.46\pic18-lt\cxx-framework\src\traditional\proc\p18f4620.asm
                     TOSU   0x000fff       data     extern E:\3.46\pic18-lt\cxx-framework\src\traditional\proc\p18f4620.asm


